Archive member included to satisfy reference by file (symbol)

libbb/lib.a(appletlib.o)      /home/wta3wx/Linux/Tools/gcc-linaro-7.5.0-2019.12-x86_64_arm-linux-gnueabihf/bin/../arm-linux-gnueabihf/libc/usr/lib/crt1.o (main)
libbb/lib.a(compare_string_array.o)
                              libbb/lib.a(appletlib.o) (is_prefixed_with)
libbb/lib.a(concat_path_file.o)
                              libbb/lib.a(appletlib.o) (concat_path_file)
libbb/lib.a(default_error_retval.o)
                              libbb/lib.a(appletlib.o) (xfunc_error_retval)
libbb/lib.a(get_last_path_component.o)
                              libbb/lib.a(appletlib.o) (bb_basename)
libbb/lib.a(last_char_is.o)   libbb/lib.a(concat_path_file.o) (last_char_is)
libbb/lib.a(llist.o)          libbb/lib.a(appletlib.o) (llist_free)
libbb/lib.a(messages.o)       libbb/lib.a(appletlib.o) (bb_busybox_exec_path)
libbb/lib.a(perror_msg.o)     libbb/lib.a(appletlib.o) (bb_perror_msg_and_die)
libbb/lib.a(ptr_to_globals.o)
                              libbb/lib.a(appletlib.o) (bb_errno)
libbb/lib.a(skip_whitespace.o)
                              libbb/lib.a(appletlib.o) (skip_whitespace)
libbb/lib.a(verror_msg.o)     libbb/lib.a(perror_msg.o) (bb_verror_msg)
libbb/lib.a(wfopen.o)         libbb/lib.a(appletlib.o) (fopen_for_read)
libbb/lib.a(xfunc_die.o)      libbb/lib.a(appletlib.o) (xfunc_die)
libbb/lib.a(xfuncs.o)         libbb/lib.a(appletlib.o) (full_write2_str)
libbb/lib.a(xfuncs_printf.o)  libbb/lib.a(wfopen.o) (bb_die_memory_exhausted)
libbb/lib.a(xreadlink.o)      libbb/lib.a(appletlib.o) (xmalloc_readlink)
libbb/lib.a(copyfd.o)         libbb/lib.a(xfuncs_printf.o) (bb_copyfd_eof)
libbb/lib.a(full_write.o)     libbb/lib.a(verror_msg.o) (full_write)
libbb/lib.a(read.o)           libbb/lib.a(copyfd.o) (safe_read)
libbb/lib.a(safe_write.o)     libbb/lib.a(full_write.o) (safe_write)
libbb/lib.a(signals.o)        libbb/lib.a(xfuncs_printf.o) (kill_myself_with_sig)
libbb/lib.a(time.o)           libbb/lib.a(xfuncs_printf.o) (monotonic_us)
libbb/lib.a(bb_strtonum.o)    libbb/lib.a(time.o) (bb_strtol)
libpwdgrp/lib.a(pwd_grp.o)    libbb/lib.a(appletlib.o) (bb_internal_getpwnam)
libpwdgrp/lib.a(uidgid_get.o)
                              libbb/lib.a(appletlib.o) (get_uidgid)
loginutils/lib.a(add-remove-shell.o)
                              libbb/lib.a(appletlib.o) (add_remove_shell_main)
loginutils/lib.a(addgroup.o)  libbb/lib.a(appletlib.o) (addgroup_main)
loginutils/lib.a(adduser.o)   libbb/lib.a(appletlib.o) (adduser_main)
loginutils/lib.a(chpasswd.o)  libbb/lib.a(appletlib.o) (chpasswd_main)
loginutils/lib.a(cryptpw.o)   libbb/lib.a(appletlib.o) (cryptpw_main)
loginutils/lib.a(deluser.o)   libbb/lib.a(appletlib.o) (deluser_main)
loginutils/lib.a(getty.o)     libbb/lib.a(appletlib.o) (getty_main)
loginutils/lib.a(login.o)     libbb/lib.a(appletlib.o) (login_main)
loginutils/lib.a(passwd.o)    libbb/lib.a(appletlib.o) (passwd_main)
loginutils/lib.a(su.o)        libbb/lib.a(appletlib.o) (su_main)
loginutils/lib.a(sulogin.o)   libbb/lib.a(appletlib.o) (sulogin_main)
loginutils/lib.a(vlock.o)     libbb/lib.a(appletlib.o) (vlock_main)
mailutils/lib.a(makemime.o)   libbb/lib.a(appletlib.o) (makemime_main)
mailutils/lib.a(popmaildir.o)
                              libbb/lib.a(appletlib.o) (popmaildir_main)
mailutils/lib.a(reformime.o)  libbb/lib.a(appletlib.o) (reformime_main)
mailutils/lib.a(sendmail.o)   libbb/lib.a(appletlib.o) (sendmail_main)
mailutils/lib.a(mail.o)       mailutils/lib.a(popmaildir.o) (launch_helper)
miscutils/lib.a(adjtimex.o)   libbb/lib.a(appletlib.o) (adjtimex_main)
miscutils/lib.a(beep.o)       libbb/lib.a(appletlib.o) (beep_main)
miscutils/lib.a(chat.o)       libbb/lib.a(appletlib.o) (chat_main)
miscutils/lib.a(conspy.o)     libbb/lib.a(appletlib.o) (conspy_main)
miscutils/lib.a(crond.o)      libbb/lib.a(appletlib.o) (crond_main)
miscutils/lib.a(crontab.o)    libbb/lib.a(appletlib.o) (crontab_main)
miscutils/lib.a(dc.o)         libbb/lib.a(appletlib.o) (dc_main)
miscutils/lib.a(devmem.o)     libbb/lib.a(appletlib.o) (devmem_main)
miscutils/lib.a(fbsplash.o)   libbb/lib.a(appletlib.o) (fbsplash_main)
miscutils/lib.a(hdparm.o)     libbb/lib.a(appletlib.o) (hdparm_main)
miscutils/lib.a(hexedit.o)    libbb/lib.a(appletlib.o) (hexedit_main)
miscutils/lib.a(i2c_tools.o)  libbb/lib.a(appletlib.o) (i2cget_main)
miscutils/lib.a(less.o)       libbb/lib.a(appletlib.o) (less_main)
miscutils/lib.a(lsscsi.o)     libbb/lib.a(appletlib.o) (lsscsi_main)
miscutils/lib.a(makedevs.o)   libbb/lib.a(appletlib.o) (makedevs_main)
miscutils/lib.a(man.o)        libbb/lib.a(appletlib.o) (man_main)
miscutils/lib.a(microcom.o)   libbb/lib.a(appletlib.o) (microcom_main)
miscutils/lib.a(mt.o)         libbb/lib.a(appletlib.o) (mt_main)
miscutils/lib.a(nandwrite.o)  libbb/lib.a(appletlib.o) (nandwrite_main)
miscutils/lib.a(partprobe.o)  libbb/lib.a(appletlib.o) (partprobe_main)
miscutils/lib.a(raidautorun.o)
[...]
Memory Configuration

Name             Origin             Length             Attributes
*default*        0x0000000000000000 0xffffffffffffffff

Linker script and memory map

LOAD /home/wta3wx/Linux/Tools/gcc-linaro-7.5.0-2019.12-x86_64_arm-linux-gnueabihf/bin/../arm-linux-gnueabihf/libc/usr/lib/crt1.o
LOAD /home/wta3wx/Linux/Tools/gcc-linaro-7.5.0-2019.12-x86_64_arm-linux-gnueabihf/bin/../arm-linux-gnueabihf/libc/usr/lib/crti.o
LOAD /home/wta3wx/Linux/Tools/gcc-linaro-7.5.0-2019.12-x86_64_arm-linux-gnueabihf/bin/../lib/gcc/arm-linux-gnueabihf/7.5.0/crtbegin.o
START GROUP
LOAD applets/built-in.o
LOAD archival/lib.a
LOAD archival/libarchive/lib.a
LOAD console-tools/lib.a
LOAD coreutils/lib.a
LOAD coreutils/libcoreutils/lib.a
LOAD debianutils/lib.a
LOAD klibc-utils/lib.a
LOAD e2fsprogs/lib.a
LOAD editors/lib.a
LOAD findutils/lib.a
LOAD init/lib.a
LOAD libbb/lib.a
LOAD libpwdgrp/lib.a
LOAD loginutils/lib.a
LOAD mailutils/lib.a
LOAD miscutils/lib.a
LOAD modutils/lib.a
LOAD networking/lib.a
LOAD networking/libiproute/lib.a
LOAD networking/udhcp/lib.a
LOAD printutils/lib.a
LOAD procps/lib.a
LOAD runit/lib.a
LOAD selinux/lib.a
LOAD shell/lib.a
LOAD sysklogd/lib.a
LOAD util-linux/lib.a
LOAD util-linux/volume_id/lib.a
LOAD archival/built-in.o
LOAD archival/libarchive/built-in.o
LOAD console-tools/built-in.o
LOAD coreutils/built-in.o
LOAD coreutils/libcoreutils/built-in.o
LOAD debianutils/built-in.o
LOAD klibc-utils/built-in.o
LOAD e2fsprogs/built-in.o
LOAD editors/built-in.o
LOAD findutils/built-in.o
LOAD init/built-in.o
LOAD libbb/built-in.o
LOAD libpwdgrp/built-in.o
LOAD loginutils/built-in.o
LOAD mailutils/built-in.o
LOAD miscutils/built-in.o
LOAD modutils/built-in.o
LOAD networking/built-in.o
LOAD networking/libiproute/built-in.o
LOAD networking/udhcp/built-in.o
LOAD printutils/built-in.o
LOAD procps/built-in.o
LOAD runit/built-in.o
LOAD selinux/built-in.o
LOAD shell/built-in.o
LOAD sysklogd/built-in.o
LOAD util-linux/built-in.o
LOAD util-linux/volume_id/built-in.o
END GROUP
START GROUP
LOAD /home/wta3wx/Linux/Tools/gcc-linaro-7.5.0-2019.12-x86_64_arm-linux-gnueabihf/bin/../arm-linux-gnueabihf/libc/usr/lib/libm.so
LOAD /home/wta3wx/Linux/Tools/gcc-linaro-7.5.0-2019.12-x86_64_arm-linux-gnueabihf/bin/../arm-linux-gnueabihf/libc/usr/lib/libresolv.so
END GROUP
LOAD /home/wta3wx/Linux/Tools/gcc-linaro-7.5.0-2019.12-x86_64_arm-linux-gnueabihf/bin/../lib/gcc/arm-linux-gnueabihf/7.5.0/libgcc.a
LOAD /home/wta3wx/Linux/Tools/gcc-linaro-7.5.0-2019.12-x86_64_arm-linux-gnueabihf/bin/../lib/gcc/arm-linux-gnueabihf/7.5.0/libgcc_eh.a
LOAD /home/wta3wx/Linux/Tools/gcc-linaro-7.5.0-2019.12-x86_64_arm-linux-gnueabihf/bin/../arm-linux-gnueabihf/libc/usr/lib/libc.so
START GROUP
LOAD /home/wta3wx/Linux/Tools/gcc-linaro-7.5.0-2019.12-x86_64_arm-linux-gnueabihf/bin/../arm-linux-gnueabihf/libc/lib/libc.so.6
LOAD /home/wta3wx/Linux/Tools/gcc-linaro-7.5.0-2019.12-x86_64_arm-linux-gnueabihf/bin/../arm-linux-gnueabihf/libc/usr/lib/libc_nonshared.a
LOAD /home/wta3wx/Linux/Tools/gcc-linaro-7.5.0-2019.12-x86_64_arm-linux-gnueabihf/bin/../arm-linux-gnueabihf/libc/lib/ld-linux-armhf.so.3
END GROUP
LOAD /home/wta3wx/Linux/Tools/gcc-linaro-7.5.0-2019.12-x86_64_arm-linux-gnueabihf/bin/../lib/gcc/arm-linux-gnueabihf/7.5.0/libgcc.a
LOAD /home/wta3wx/Linux/Tools/gcc-linaro-7.5.0-2019.12-x86_64_arm-linux-gnueabihf/bin/../lib/gcc/arm-linux-gnueabihf/7.5.0/libgcc_eh.a
LOAD /home/wta3wx/Linux/Tools/gcc-linaro-7.5.0-2019.12-x86_64_arm-linux-gnueabihf/bin/../lib/gcc/arm-linux-gnueabihf/7.5.0/crtend.o
LOAD /home/wta3wx/Linux/Tools/gcc-linaro-7.5.0-2019.12-x86_64_arm-linux-gnueabihf/bin/../arm-linux-gnueabihf/libc/usr/lib/crtn.o
                [!provide]                        PROVIDE (__executable_start, SEGMENT_START ("text-segment", 0x10000))
                0x0000000000010154                . = (SEGMENT_START ("text-segment", 0x10000) + SIZEOF_HEADERS)

.interp         0x0000000000010154       0x19
 *(SORT(.interp))
 .interp        0x0000000000010154       0x19 /home/wta3wx/Linux/Tools/gcc-linaro-7.5.0-2019.12-x86_64_arm-linux-gnueabihf/bin/../arm-linux-gnueabihf/libc/usr/lib/crt1.o

.note.ABI-tag   0x0000000000010170       0x20
 .note.ABI-tag  0x0000000000010170       0x20 /home/wta3wx/Linux/Tools/gcc-linaro-7.5.0-2019.12-x86_64_arm-linux-gnueabihf/bin/../arm-linux-gnueabihf/libc/usr/lib/crt1.o

.note.gnu.build-id
                0x0000000000010190       0x24
 *(SORT(.note.gnu.build-id))
 .note.gnu.build-id
                0x0000000000010190       0x24 linker stubs

.hash           0x00000000000101b4      0xa4c
 *(SORT(.hash))
 .hash          0x00000000000101b4      0xa4c /home/wta3wx/Linux/Tools/gcc-linaro-7.5.0-2019.12-x86_64_arm-linux-gnueabihf/bin/../arm-linux-gnueabihf/libc/usr/lib/crt1.o

.gnu.hash
 *(SORT(.gnu.hash))

.dynsym         0x0000000000010c00     0x18a0
 *(SORT(.dynsym))
 .dynsym        0x0000000000010c00     0x18a0 /home/wta3wx/Linux/Tools/gcc-linaro-7.5.0-2019.12-x86_64_arm-linux-gnueabihf/bin/../arm-linux-gnueabihf/libc/usr/lib/crt1.o

.dynstr         0x00000000000124a0      0xd0c
 *(SORT(.dynstr))
 .dynstr        0x00000000000124a0      0xd0c /home/wta3wx/Linux/Tools/gcc-linaro-7.5.0-2019.12-x86_64_arm-linux-gnueabihf/bin/../arm-linux-gnueabihf/libc/usr/lib/crt1.o

.gnu.version    0x00000000000131ac      0x314
 *(SORT(.gnu.version))
 .gnu.version   0x00000000000131ac      0x314 /home/wta3wx/Linux/Tools/gcc-linaro-7.5.0-2019.12-x86_64_arm-linux-gnueabihf/bin/../arm-linux-gnueabihf/libc/usr/lib/crt1.o

.gnu.version_d  0x00000000000134c0        0x0
 *(SORT(.gnu.version_d))
 .gnu.version_d
                0x00000000000134c0        0x0 /home/wta3wx/Linux/Tools/gcc-linaro-7.5.0-2019.12-x86_64_arm-linux-gnueabihf/bin/../arm-linux-gnueabihf/libc/usr/lib/crt1.o

.gnu.version_r  0x00000000000134c0       0x80
 *(SORT(.gnu.version_r))
 .gnu.version_r
                0x00000000000134c0       0x80 /home/wta3wx/Linux/Tools/gcc-linaro-7.5.0-2019.12-x86_64_arm-linux-gnueabihf/bin/../arm-linux-gnueabihf/libc/usr/lib/crt1.o

.rel.dyn        0x0000000000013540       0x50
 *(SORT(.rel.init))
 *(SORT(.rel.text) SORT(.rel.text.*) SORT(.rel.gnu.linkonce.t.*))
 *(SORT(.rel.fini))
 *(SORT(.rel.rodata) SORT(.rel.rodata.*) SORT(.rel.gnu.linkonce.r.*))
 *(SORT(.rel.data.rel.ro) SORT(.rel.data.rel.ro.*) SORT(.rel.gnu.linkonce.d.rel.ro.*))
 .rel.data.rel.ro
                0x0000000000013540        0x0 /home/wta3wx/Linux/Tools/gcc-linaro-7.5.0-2019.12-x86_64_arm-linux-gnueabihf/bin/../arm-linux-gnueabihf/libc/usr/lib/crt1.o
 *(SORT(.rel.data) SORT(.rel.data.*) SORT(.rel.gnu.linkonce.d.*))
 *(SORT(.rel.tdata) SORT(.rel.tdata.*) SORT(.rel.gnu.linkonce.td.*))
 *(SORT(.rel.tbss) SORT(.rel.tbss.*) SORT(.rel.gnu.linkonce.tb.*))
 *(SORT(.rel.ctors))
 *(SORT(.rel.dtors))
 *(SORT(.rel.got))
 .rel.got       0x0000000000013540        0x8 /home/wta3wx/Linux/Tools/gcc-linaro-7.5.0-2019.12-x86_64_arm-linux-gnueabihf/bin/../arm-linux-gnueabihf/libc/usr/lib/crt1.o
 *(SORT(.rel.bss) SORT(.rel.bss.*) SORT(.rel.gnu.linkonce.b.*))
 .rel.bss       0x0000000000013548       0x48 /home/wta3wx/Linux/Tools/gcc-linaro-7.5.0-2019.12-x86_64_arm-linux-gnueabihf/bin/../arm-linux-gnueabihf/libc/usr/lib/crt1.o
                [!provide]                        PROVIDE (__rel_iplt_start, .)
 *(SORT(.rel.iplt))
 .rel.iplt      0x0000000000013590        0x0 /home/wta3wx/Linux/Tools/gcc-linaro-7.5.0-2019.12-x86_64_arm-linux-gnueabihf/bin/../arm-linux-gnueabihf/libc/usr/lib/crt1.o
                [!provide]                        PROVIDE (__rel_iplt_end, .)

.rela.dyn       0x0000000000013590        0x0
 *(SORT(.rela.init))
 *(SORT(.rela.text) SORT(.rela.text.*) SORT(.rela.gnu.linkonce.t.*))
 *(SORT(.rela.fini))
 *(SORT(.rela.rodata) SORT(.rela.rodata.*) SORT(.rela.gnu.linkonce.r.*))
 *(SORT(.rela.data) SORT(.rela.data.*) SORT(.rela.gnu.linkonce.d.*))
 *(SORT(.rela.tdata) SORT(.rela.tdata.*) SORT(.rela.gnu.linkonce.td.*))
 *(SORT(.rela.tbss) SORT(.rela.tbss.*) SORT(.rela.gnu.linkonce.tb.*))
 *(SORT(.rela.ctors))
 *(SORT(.rela.dtors))
 *(SORT(.rela.got))
 *(SORT(.rela.bss) SORT(.rela.bss.*) SORT(.rela.gnu.linkonce.b.*))
                [!provide]                        PROVIDE (__rela_iplt_start, .)
 *(SORT(.rela.iplt))
                [!provide]                        PROVIDE (__rela_iplt_end, .)

.rel.plt        0x0000000000013590      0xbe0
 *(SORT(.rel.plt))
 .rel.plt       0x0000000000013590      0xbe0 /home/wta3wx/Linux/Tools/gcc-linaro-7.5.0-2019.12-x86_64_arm-linux-gnueabihf/bin/../arm-linux-gnueabihf/libc/usr/lib/crt1.o

.rela.plt
 *(SORT(.rela.plt))

.init           0x0000000000014170        0xc
 *(SORT(.init))
 .init          0x0000000000014170        0x8 /home/wta3wx/Linux/Tools/gcc-linaro-7.5.0-2019.12-x86_64_arm-linux-gnueabihf/bin/../arm-linux-gnueabihf/libc/usr/lib/crti.o
                0x0000000000014170                _init
 .init          0x0000000000014178        0x4 /home/wta3wx/Linux/Tools/gcc-linaro-7.5.0-2019.12-x86_64_arm-linux-gnueabihf/bin/../arm-linux-gnueabihf/libc/usr/lib/crtn.o

.plt            0x000000000001417c     0x12bc
 *(SORT(.plt))
 .plt           0x000000000001417c     0x12bc /home/wta3wx/Linux/Tools/gcc-linaro-7.5.0-2019.12-x86_64_arm-linux-gnueabihf/bin/../arm-linux-gnueabihf/libc/usr/lib/crt1.o
                0x0000000000014190                fdopen@@GLIBC_2.4
                0x000000000001419c                sched_get_priority_min@@GLIBC_2.4
                0x00000000000141ac                fputs_unlocked@@GLIBC_2.4
                0x00000000000141b8                strstr@@GLIBC_2.4
                0x00000000000141c4                gnu_dev_major@@GLIBC_2.4
                0x00000000000141d0                ether_hostton@@GLIBC_2.4
                0x00000000000141dc                raise@@GLIBC_2.4
                0x00000000000141e8                lutimes@@GLIBC_2.4
                0x00000000000141f4                cfmakeraw@@GLIBC_2.4
                0x0000000000014200                vasprintf@@GLIBC_2.4
                0x000000000001420c                sendfile64@@GLIBC_2.4
                0x0000000000014218                gmtime_r@@GLIBC_2.4
                0x0000000000014224                log@@GLIBC_2.4
                0x0000000000014230                strverscmp@@GLIBC_2.4
                0x000000000001423c                inet_aton@@GLIBC_2.4
                0x0000000000014248                fsync@@GLIBC_2.4
                0x0000000000014258                setbuf@@GLIBC_2.4
                0x0000000000014264                strcasestr@@GLIBC_2.4
                0x0000000000014274                strcmp@@GLIBC_2.4
                0x0000000000014280                ns_name_uncompress@@GLIBC_2.9
                0x000000000001428c                strtol@@GLIBC_2.4
                0x0000000000014298                setsockopt@@GLIBC_2.4
                0x00000000000142a4                strcspn@@GLIBC_2.4
                0x00000000000142b0                times@@GLIBC_2.4
                0x00000000000142c0                gnu_dev_makedev@@GLIBC_2.4
                0x00000000000142cc                dprintf@@GLIBC_2.4
                0x00000000000142d8                pause@@GLIBC_2.4
                0x00000000000142e4                clearenv@@GLIBC_2.4
                0x00000000000142f4                printf@@GLIBC_2.4
                0x0000000000014300                hstrerror@@GLIBC_2.4
                0x000000000001430c                gnu_dev_minor@@GLIBC_2.4
                0x0000000000014318                getusershell@@GLIBC_2.4
                0x0000000000014324                regerror@@GLIBC_2.4
                0x0000000000014330                setrlimit64@@GLIBC_2.4
                0x000000000001433c                read@@GLIBC_2.4
                0x0000000000014348                tcflush@@GLIBC_2.4
                0x0000000000014354                mktime@@GLIBC_2.4
                0x0000000000014360                longjmp@@GLIBC_2.4
                0x0000000000014370                fflush@@GLIBC_2.4
                0x000000000001437c                utmpxname@@GLIBC_2.4
                0x0000000000014388                if_indextoname@@GLIBC_2.4
                0x0000000000014394                getuid@@GLIBC_2.4
                0x00000000000143a4                sigprocmask@@GLIBC_2.4
                0x00000000000143b0                _setjmp@@GLIBC_2.4
                0x00000000000143bc                memmove@@GLIBC_2.4
                0x00000000000143c8                lsetxattr@@GLIBC_2.4
                0x00000000000143d4                strchrnul@@GLIBC_2.4
                0x00000000000143e4                free@@GLIBC_2.4
                0x00000000000143f0                unshare@@GLIBC_2.4
                0x00000000000143fc                getresgid@@GLIBC_2.4
                0x0000000000014408                nanosleep@@GLIBC_2.4
                0x0000000000014414                fileno_unlocked@@GLIBC_2.4
                0x0000000000014420                inet_pton@@GLIBC_2.4
                0x000000000001442c                _exit@@GLIBC_2.4
                0x0000000000014438                pututxline@@GLIBC_2.4
                0x0000000000014448                memcpy@@GLIBC_2.4
                0x0000000000014454                tcsendbreak@@GLIBC_2.4
                0x0000000000014460                pivot_root@@GLIBC_2.4
                0x000000000001446c                execvp@@GLIBC_2.4
                0x0000000000014478                execlp@@GLIBC_2.4
                0x0000000000014484                mmap64@@GLIBC_2.4
                0x0000000000014490                shmget@@GLIBC_2.4
                0x000000000001449c                signal@@GLIBC_2.4
                0x00000000000144a8                time@@GLIBC_2.4
                0x00000000000144b4                rmdir@@GLIBC_2.4
                0x00000000000144c0                gethostid@@GLIBC_2.4
                0x00000000000144cc                tcsetpgrp@@GLIBC_2.4
                0x00000000000144d8                sendmsg@@GLIBC_2.4
                0x00000000000144e4                pow@@GLIBC_2.4
                0x00000000000144f0                ftruncate64@@GLIBC_2.4
                0x00000000000144fc                memcmp@@GLIBC_2.4
                0x0000000000014508                inet_ntoa@@GLIBC_2.4
                0x0000000000014514                select@@GLIBC_2.4
                0x0000000000014520                swapon@@GLIBC_2.4
                0x0000000000014530                sleep@@GLIBC_2.4
                0x000000000001453c                stpcpy@@GLIBC_2.4
                0x0000000000014548                fputc_unlocked@@GLIBC_2.4
                0x0000000000014554                getc_unlocked@@GLIBC_2.4
                0x0000000000014560                uname@@GLIBC_2.4
                0x000000000001456c                ctime@@GLIBC_2.4
                0x0000000000014578                removexattr@@GLIBC_2.4
                0x0000000000014584                gethostbyaddr@@GLIBC_2.4
                0x0000000000014590                recvfrom@@GLIBC_2.4
                0x000000000001459c                strdup@@GLIBC_2.4
                0x00000000000145a8                setutxent@@GLIBC_2.4
                0x00000000000145b4                syncfs@@GLIBC_2.14
                0x00000000000145c0                cfgetispeed@@GLIBC_2.4
                0x00000000000145d0                rewind@@GLIBC_2.4
                0x00000000000145e0                alarm@@GLIBC_2.4
                0x00000000000145ec                msgctl@@GLIBC_2.4
                0x00000000000145fc                sysconf@@GLIBC_2.4
                0x000000000001460c                unlink@@GLIBC_2.4
                0x0000000000014618                dup2@@GLIBC_2.4
                0x0000000000014624                reboot@@GLIBC_2.4
                0x0000000000014630                getrlimit64@@GLIBC_2.4
                0x000000000001463c                realloc@@GLIBC_2.4
                0x0000000000014648                killpg@@GLIBC_2.4
                0x0000000000014654                strptime@@GLIBC_2.4
                0x0000000000014660                dup@@GLIBC_2.4
                0x000000000001466c                socketpair@@GLIBC_2.4
                0x0000000000014678                atoll@@GLIBC_2.4
                0x0000000000014684                getpriority@@GLIBC_2.4
                0x0000000000014690                setns@@GLIBC_2.14
                0x000000000001469c                sigismember@@GLIBC_2.4
                0x00000000000146a8                regexec@@GLIBC_2.4
                0x00000000000146b4                localtime_r@@GLIBC_2.4
                0x00000000000146c0                wait@@GLIBC_2.4
                0x00000000000146cc                getlogin_r@@GLIBC_2.4
                0x00000000000146d8                ns_initparse@@GLIBC_2.9
                0x00000000000146e4                shmat@@GLIBC_2.4
                0x00000000000146f0                sigisemptyset@@GLIBC_2.4
                0x00000000000146fc                chdir@@GLIBC_2.4
                0x0000000000014708                strcasecmp@@GLIBC_2.4
                0x0000000000014714                getpgrp@@GLIBC_2.4
                0x0000000000014720                unlockpt@@GLIBC_2.4
                0x000000000001472c                geteuid@@GLIBC_2.4
                0x0000000000014738                strsignal@@GLIBC_2.4
                0x0000000000014744                tzset@@GLIBC_2.4
                0x0000000000014750                poll@@GLIBC_2.4
                0x000000000001475c                accept@@GLIBC_2.4
                0x0000000000014768                setgroups@@GLIBC_2.4
                0x0000000000014778                cfsetospeed@@GLIBC_2.4
                0x0000000000014784                semop@@GLIBC_2.4
                0x0000000000014790                seteuid@@GLIBC_2.4
                0x00000000000147a0                __fxstat64@@GLIBC_2.4
                0x00000000000147ac                readlink@@GLIBC_2.4
                0x00000000000147b8                getegid@@GLIBC_2.4
                0x00000000000147c8                sigaction@@GLIBC_2.4
                0x00000000000147d8                fwrite@@GLIBC_2.4
                0x00000000000147e4                strcat@@GLIBC_2.4
                0x00000000000147f0                getsockopt@@GLIBC_2.4
                0x0000000000014800                ioctl@@GLIBC_2.4
                0x000000000001480c                sched_getscheduler@@GLIBC_2.4
                0x0000000000014818                lseek64@@GLIBC_2.4
                0x0000000000014824                regfree@@GLIBC_2.4
                0x0000000000014830                strtoll@@GLIBC_2.4
                0x000000000001483c                capget@@GLIBC_2.4
                0x0000000000014848                usleep@@GLIBC_2.4
                0x0000000000014854                readahead@@GLIBC_2.4
                0x0000000000014860                waitpid@@GLIBC_2.4
                0x000000000001486c                hasmntopt@@GLIBC_2.4
                0x000000000001487c                tcsetattr@@GLIBC_2.4
                0x0000000000014888                munlock@@GLIBC_2.4
                0x0000000000014898                strcpy@@GLIBC_2.4
                0x00000000000148a4                chroot@@GLIBC_2.4
                0x00000000000148b0                gettimeofday@@GLIBC_2.4
                0x00000000000148bc                fread@@GLIBC_2.4
                0x00000000000148c8                pread64@@GLIBC_2.4
                0x00000000000148d4                sched_yield@@GLIBC_2.4
                0x00000000000148e0                ptsname_r@@GLIBC_2.4
                0x00000000000148ec                ferror_unlocked@@GLIBC_2.4
                0x00000000000148f8                shmctl@@GLIBC_2.4
                0x0000000000014904                creat64@@GLIBC_2.4
                0x0000000000014910                strtok_r@@GLIBC_2.4
                0x000000000001491c                daemon@@GLIBC_2.4
                0x0000000000014928                getmntent@@GLIBC_2.4
                0x0000000000014934                opendir@@GLIBC_2.4
                0x0000000000014940                umount2@@GLIBC_2.4
                0x000000000001494c                setxattr@@GLIBC_2.4
                0x0000000000014958                fnmatch@@GLIBC_2.4
                0x0000000000014964                open64@@GLIBC_2.4
                0x0000000000014970                sched_get_priority_max@@GLIBC_2.4
                0x000000000001497c                getenv@@GLIBC_2.4
                0x0000000000014988                setpriority@@GLIBC_2.4
                0x0000000000014994                mkstemp64@@GLIBC_2.4
                0x00000000000149a4                puts@@GLIBC_2.4
                0x00000000000149b0                setgid@@GLIBC_2.4
                0x00000000000149bc                sysinfo@@GLIBC_2.4
                0x00000000000149c8                malloc@@GLIBC_2.4
                0x00000000000149d4                settimeofday@@GLIBC_2.4
                0x00000000000149e4                sigaddset@@GLIBC_2.4
                0x00000000000149f0                __libc_start_main@@GLIBC_2.4
                0x0000000000014a00                strerror@@GLIBC_2.4
                0x0000000000014a0c                system@@GLIBC_2.4
                0x0000000000014a18                strftime@@GLIBC_2.4
                0x0000000000014a24                tcdrain@@GLIBC_2.4
                0x0000000000014a30                __h_errno_location@@GLIBC_2.4
                0x0000000000014a3c                adjtimex@@GLIBC_2.4
                0x0000000000014a48                localtime@@GLIBC_2.4
                0x0000000000014a54                strsep@@GLIBC_2.4
                0x0000000000014a60                lremovexattr@@GLIBC_2.4
                0x0000000000014a6c                mktemp@@GLIBC_2.4
                0x0000000000014a78                scanf@@GLIBC_2.4
                0x0000000000014a84                closelog@@GLIBC_2.4
                0x0000000000014a90                sethostname@@GLIBC_2.4
                0x0000000000014a9c                dirname@@GLIBC_2.4
                0x0000000000014ab4                freopen64@@GLIBC_2.4
                0x0000000000014ac0                rename@@GLIBC_2.4
                0x0000000000014acc                getopt_long@@GLIBC_2.4
                0x0000000000014adc                kill@@GLIBC_2.4
                0x0000000000014ae8                getcwd@@GLIBC_2.4
                0x0000000000014af4                getpid@@GLIBC_2.4
                0x0000000000014b00                exit@@GLIBC_2.4
                0x0000000000014b10                syscall@@GLIBC_2.4
                0x0000000000014b1c                sin@@GLIBC_2.4
                0x0000000000014b28                flock@@GLIBC_2.4
                0x0000000000014b34                strtoul@@GLIBC_2.4
                0x0000000000014b40                tcgetpgrp@@GLIBC_2.4
                0x0000000000014b50                strlen@@GLIBC_2.4
                0x0000000000014b5c                getchar_unlocked@@GLIBC_2.4
                0x0000000000014b68                setsid@@GLIBC_2.4
                0x0000000000014b74                vprintf@@GLIBC_2.4
                0x0000000000014b80                setpgrp@@GLIBC_2.4
                0x0000000000014b8c                sched_getparam@@GLIBC_2.4
                0x0000000000014b98                strchr@@GLIBC_2.4
                0x0000000000014ba4                srand@@GLIBC_2.4
                0x0000000000014bb4                setenv@@GLIBC_2.4
                0x0000000000014bc0                personality@@GLIBC_2.4
                0x0000000000014bcc                memrchr@@GLIBC_2.4
                0x0000000000014bd8                ttyname_r@@GLIBC_2.4
                0x0000000000014be4                fchown@@GLIBC_2.4
                0x0000000000014bf0                execve@@GLIBC_2.4
                0x0000000000014bfc                nice@@GLIBC_2.4
                0x0000000000014c08                getopt@@GLIBC_2.4
                0x0000000000014c14                fprintf@@GLIBC_2.4
                0x0000000000014c20                getpagesize@@GLIBC_2.4
                0x0000000000014c2c                cfsetispeed@@GLIBC_2.4
                0x0000000000014c3c                chown@@GLIBC_2.4
                0x0000000000014c48                ungetc@@GLIBC_2.4
                0x0000000000014c58                fcntl@@GLIBC_2.4
                0x0000000000014c64                grantpt@@GLIBC_2.4
                0x0000000000014c70                execv@@GLIBC_2.4
                0x0000000000014c7c                sqrt@@GLIBC_2.4
                0x0000000000014c88                cfgetospeed@@GLIBC_2.4
                0x0000000000014c94                sigfillset@@GLIBC_2.4
                0x0000000000014ca0                __errno_location@@GLIBC_2.4
                0x0000000000014cb0                strncasecmp@@GLIBC_2.4
                0x0000000000014cbc                getservbyname@@GLIBC_2.4
                0x0000000000014cc8                klogctl@@GLIBC_2.4
                0x0000000000014cd8                snprintf@@GLIBC_2.4
                0x0000000000014ce4                mkdir@@GLIBC_2.4
                0x0000000000014cf0                semget@@GLIBC_2.4
                0x0000000000014cfc                bind@@GLIBC_2.4
                0x0000000000014d08                setvbuf@@GLIBC_2.4
                0x0000000000014d14                getservbyport@@GLIBC_2.4
                0x0000000000014d20                getgid@@GLIBC_2.4
                0x0000000000014d30                memset@@GLIBC_2.4
                0x0000000000014d3c                getmntent_r@@GLIBC_2.4
                0x0000000000014d48                bsearch@@GLIBC_2.4
                0x0000000000014d54                sigtimedwait@@GLIBC_2.4
                0x0000000000014d60                utimes@@GLIBC_2.4
                0x0000000000014d70                strncpy@@GLIBC_2.4
                0x0000000000014d7c                fscanf@@GLIBC_2.4
                0x0000000000014d88                mallopt@@GLIBC_2.4
                0x0000000000014d94                sigsuspend@@GLIBC_2.4
                0x0000000000014da0                strtoull@@GLIBC_2.4
                0x0000000000014dac                ns_get16@@GLIBC_2.9
                0x0000000000014db8                wait3@@GLIBC_2.4
                0x0000000000014dc4                statvfs64@@GLIBC_2.4
                0x0000000000014dd0                prctl@@GLIBC_2.4
                0x0000000000014de0                strtod@@GLIBC_2.4
                0x0000000000014dec                link@@GLIBC_2.4
                0x0000000000014dfc                write@@GLIBC_2.4
                0x0000000000014e08                sigdelset@@GLIBC_2.4
                0x0000000000014e14                mlock@@GLIBC_2.4
                0x0000000000014e20                asprintf@@GLIBC_2.4
                0x0000000000014e2c                getopt_long_only@@GLIBC_2.4
                0x0000000000014e38                ether_aton_r@@GLIBC_2.4
                0x0000000000014e44                shmdt@@GLIBC_2.4
                0x0000000000014e50                vfork@@GLIBC_2.4
                0x0000000000014e5c                memchr@@GLIBC_2.4
                0x0000000000014e68                vsprintf@@GLIBC_2.4
                0x0000000000014e74                sched_setaffinity@@GLIBC_2.4
                0x0000000000014e80                access@@GLIBC_2.4
                0x0000000000014e8c                rand@@GLIBC_2.4
                0x0000000000014e98                setegid@@GLIBC_2.4
                0x0000000000014ea8                fclose@@GLIBC_2.4
                0x0000000000014eb4                getsid@@GLIBC_2.4
                0x0000000000014ec0                strnlen@@GLIBC_2.4
                0x0000000000014ecc                pipe@@GLIBC_2.4
                0x0000000000014ed8                fseeko64@@GLIBC_2.4
                0x0000000000014ee4                endmntent@@GLIBC_2.4
                0x0000000000014ef0                munmap@@GLIBC_2.4
                0x0000000000014efc                posix_fallocate64@@GLIBC_2.4
                0x0000000000014f08                strtok@@GLIBC_2.4
                0x0000000000014f14                glob64@@GLIBC_2.4
                0x0000000000014f20                semctl@@GLIBC_2.4
                0x0000000000014f2c                sendto@@GLIBC_2.4
                0x0000000000014f38                shutdown@@GLIBC_2.4
                0x0000000000014f44                endutxent@@GLIBC_2.4
                0x0000000000014f50                sigemptyset@@GLIBC_2.4
                0x0000000000014f5c                popen@@GLIBC_2.4
                0x0000000000014f68                getresuid@@GLIBC_2.4
                0x0000000000014f74                fork@@GLIBC_2.4
                0x0000000000014f80                execle@@GLIBC_2.4
                0x0000000000014f90                putenv@@GLIBC_2.4
                0x0000000000014f9c                stime@@GLIBC_2.4
                0x0000000000014fa8                getnameinfo@@GLIBC_2.4
                0x0000000000014fb4                execl@@GLIBC_2.4
                0x0000000000014fc0                strrchr@@GLIBC_2.4
                0x0000000000014fcc                listen@@GLIBC_2.4
                0x0000000000014fd8                vfprintf@@GLIBC_2.4
                0x0000000000014fe4                ns_parserr@@GLIBC_2.9
                0x0000000000014ff0                statfs64@@GLIBC_2.4
                0x0000000000014ffc                __sigsetjmp@@GLIBC_2.4
                0x0000000000015008                lchown@@GLIBC_2.4
                0x0000000000015014                fputc@@GLIBC_2.4
                0x0000000000015020                globfree64@@GLIBC_2.4
                0x000000000001502c                syslog@@GLIBC_2.4
                0x0000000000015038                setresuid@@GLIBC_2.4
                0x0000000000015044                symlink@@GLIBC_2.4
                0x0000000000015050                updwtmpx@@GLIBC_2.4
                0x000000000001505c                setuid@@GLIBC_2.4
                0x0000000000015068                sscanf@@GLIBC_2.4
                0x0000000000015074                setpgid@@GLIBC_2.4
                0x0000000000015080                clearerr@@GLIBC_2.4
                0x0000000000015090                sprintf@@GLIBC_2.4
                0x000000000001509c                readdir64@@GLIBC_2.4
                0x00000000000150a8                mkdtemp@@GLIBC_2.4
                0x00000000000150b4                openlog@@GLIBC_2.4
                0x00000000000150c0                regcomp@@GLIBC_2.4
                0x00000000000150cc                getgroups@@GLIBC_2.4
                0x00000000000150d8                exp@@GLIBC_2.4
                0x00000000000150e4                getsockname@@GLIBC_2.4
                0x00000000000150f0                vsnprintf@@GLIBC_2.4
                0x00000000000150fc                getppid@@GLIBC_2.4
                0x000000000001510c                atoi@@GLIBC_2.4
                0x0000000000015118                recvmsg@@GLIBC_2.4
                0x0000000000015124                fchdir@@GLIBC_2.4
                0x0000000000015134                fopen64@@GLIBC_2.4
                0x0000000000015144                qsort@@GLIBC_2.4
                0x0000000000015150                getpeername@@GLIBC_2.4
                0x000000000001515c                strpbrk@@GLIBC_2.4
                0x0000000000015168                msgget@@GLIBC_2.4
                0x0000000000015174                freeaddrinfo@@GLIBC_2.4
                0x0000000000015180                getaddrinfo@@GLIBC_2.4
                0x000000000001518c                acct@@GLIBC_2.4
                0x0000000000015198                capset@@GLIBC_2.4
                0x00000000000151a8                inet_ntop@@GLIBC_2.4
                0x00000000000151b4                fgets_unlocked@@GLIBC_2.4
                0x00000000000151c0                socket@@GLIBC_2.4
                0x00000000000151cc                sched_getaffinity@@GLIBC_2.4
                0x00000000000151d8                setmntent@@GLIBC_2.4
                0x00000000000151e4                ns_get32@@GLIBC_2.9
                0x00000000000151f0                cfsetspeed@@GLIBC_2.4
                0x00000000000151fc                atof@@GLIBC_2.4
                0x0000000000015208                inet_addr@@GLIBC_2.4
                0x0000000000015214                __cmsg_nxthdr@@GLIBC_2.4
                0x0000000000015224                sync@@GLIBC_2.4
                0x0000000000015230                getline@@GLIBC_2.4
                0x000000000001523c                if_nametoindex@@GLIBC_2.4
                0x000000000001524c                umask@@GLIBC_2.4
                0x0000000000015258                swapoff@@GLIBC_2.4
                0x0000000000015264                chmod@@GLIBC_2.4
                0x0000000000015270                gethostbyname@@GLIBC_2.4
                0x0000000000015280                __xstat64@@GLIBC_2.4
                0x000000000001528c                isatty@@GLIBC_2.4
                0x0000000000015298                __xmknod@@GLIBC_2.4
                0x00000000000152a4                unsetenv@@GLIBC_2.4
                0x00000000000152b0                fputs@@GLIBC_2.4
                0x00000000000152bc                __res_mkquery@@GLIBC_2.4
                0x00000000000152cc                strncmp@@GLIBC_2.4
                0x00000000000152d8                fdatasync@@GLIBC_2.4
                0x00000000000152e4                abort@@GLIBC_2.4
                0x00000000000152f0                feof_unlocked@@GLIBC_2.4
                0x00000000000152fc                getutxent@@GLIBC_2.4
                0x000000000001530c                recv@@GLIBC_2.4
                0x000000000001531c                realpath@@GLIBC_2.4
                0x0000000000015328                siglongjmp@@GLIBC_2.4
                0x0000000000015338                close@@GLIBC_2.4
                0x0000000000015348                __lxstat64@@GLIBC_2.4
                0x0000000000015354                setresgid@@GLIBC_2.4
                0x0000000000015360                mkfifo@@GLIBC_2.4
                0x000000000001536c                send@@GLIBC_2.4
                0x0000000000015378                connect@@GLIBC_2.4
                0x0000000000015388                closedir@@GLIBC_2.4
                0x0000000000015394                div@@GLIBC_2.4
                0x00000000000153a0                atan2@@GLIBC_2.4
                0x00000000000153ac                sched_setscheduler@@GLIBC_2.4
                0x00000000000153bc                putchar_unlocked@@GLIBC_2.4
                0x00000000000153c8                strspn@@GLIBC_2.4
                0x00000000000153d4                fchmod@@GLIBC_2.4
                0x00000000000153e0                cos@@GLIBC_2.4
                0x00000000000153ec                tcgetattr@@GLIBC_2.4
                0x00000000000153fc                putc_unlocked@@GLIBC_2.4
                0x0000000000015408                tcgetsid@@GLIBC_2.4
                0x0000000000015414                ftello64@@GLIBC_2.4
                0x0000000000015420                pclose@@GLIBC_2.4
                0x000000000001542c                mount@@GLIBC_2.4

.iplt           0x0000000000015438        0x0
 *(SORT(.iplt))
 .iplt          0x0000000000015438        0x0 /home/wta3wx/Linux/Tools/gcc-linaro-7.5.0-2019.12-x86_64_arm-linux-gnueabihf/bin/../arm-linux-gnueabihf/libc/usr/lib/crt1.o

.text           0x0000000000015438    0x80126
 *(SORT(.text.unlikely) SORT(.text.*_unlikely) SORT(.text.unlikely.*))
 *(SORT(.text.exit) SORT(.text.exit.*))
 *(SORT(.text.startup) SORT(.text.startup.*))
 *(SORT(.text.hot) SORT(.text.hot.*))
 *(SORT(.text) SORT(.stub) SORT(.text.*) SORT(.gnu.linkonce.t.*))
 .text.identify
                0x0000000000015438      0xdfc miscutils/lib.a(hdparm.o)
 *fill*         0x0000000000016234        0x4 
 .text.brctl_main
                0x0000000000016238      0x374 networking/lib.a(brctl.o)
                0x0000000000016238                brctl_main
 *fill*         0x00000000000165ac        0x4 
 .text.filter_datapoints
                0x00000000000165b0       0xd4 networking/lib.a(ntpd.o)
 *fill*         0x0000000000016684        0x4 
 .text.gettime1900d
                0x0000000000016688       0x4c networking/lib.a(ntpd.o)
 *fill*         0x00000000000166d4        0x4 
 .text.ntp_init
                0x00000000000166d8      0x19c networking/lib.a(ntpd.o)
 *fill*         0x0000000000016874        0x4 
 .text.step_time
                0x0000000000016878      0x128 networking/lib.a(ntpd.o)
 .text.update_local_clock
                0x00000000000169a0      0x2bc networking/lib.a(ntpd.o)
 *fill*         0x0000000000016c5c        0x4 
 .text.recv_and_process_client_pkt
                0x0000000000016c60      0x22c networking/lib.a(ntpd.o)
 *fill*         0x0000000000016e8c        0x4 
 .text.recv_and_process_peer_pkt
                0x0000000000016e90      0x6c0 networking/lib.a(ntpd.o)
 .text.ntpd_main
                0x0000000000017550      0x3dc networking/lib.a(ntpd.o)
                0x0000000000017550                ntpd_main
 *fill*         0x000000000001792c        0x4 
 .text.cbq_print_opt
                0x0000000000017930      0x194 networking/lib.a(tc.o)
 *fill*         0x0000000000017ac4        0x4 
 .text.iostat_main
                0x0000000000017ac8      0x7e4 procps/lib.a(iostat.o)
                0x0000000000017ac8                iostat_main
 *fill*         0x00000000000182ac        0x4 
 .text.write_stats_core
                0x00000000000182b0      0x5dc procps/lib.a(mpstat.o)
 *fill*         0x000000000001888c        0x4 
 .text.powertop_main
                0x0000000000018890      0x47c procps/lib.a(powertop.o)
                0x0000000000018890                powertop_main
 *fill*         0x0000000000018d0c        0x4 
 .text.showmode
                0x0000000000018d10      0x11c util-linux/lib.a(fbset.o)
 *fill*         0x0000000000018e2c        0x4 
 .text.script_main
                0x0000000000018e30      0x318 util-linux/lib.a(script.o)
                0x0000000000018e30                script_main
 .text.scriptreplay_main
                0x0000000000019148       0x98 util-linux/lib.a(scriptreplay.o)
                0x0000000000019148                scriptreplay_main
 .text.dd_output_status
                0x00000000000191e0       0xdc coreutils/lib.a(dd.o)
 *fill*         0x00000000000192bc        0x4 
 .text.df_main  0x00000000000192c0      0x344 coreutils/lib.a(df.o)
                0x00000000000192c0                df_main
 *fill*         0x0000000000019604        0x4 
 .text.sleep_main
                0x0000000000019608      0x12c coreutils/lib.a(sleep.o)
                0x0000000000019608                sleep_main
 *fill*         0x0000000000019734        0x4 
 .text.evaluate
                0x0000000000019738      0xa9c editors/lib.a(awk.o)
 *fill*         0x000000000001a1d4        0x4 
 .text.awk_main
                0x000000000001a1d8      0x350 editors/lib.a(awk.o)
                0x000000000001a1d8                awk_main
 .text.bootchartd_main
                0x000000000001a528      0x3b4 init/lib.a(bootchartd.o)
                0x000000000001a528                bootchartd_main
 *fill*         0x000000000001a8dc        0x4 
 .text          0x000000000001a8e0      0x278 /home/wta3wx/Linux/Tools/gcc-linaro-7.5.0-2019.12-x86_64_arm-linux-gnueabihf/bin/../lib/gcc/arm-linux-gnueabihf/7.5.0/libgcc.a(_udivsi3.o)
                0x000000000001a8e0                __aeabi_uidiv
                0x000000000001a8e0                __udivsi3
                0x000000000001ab3c                __aeabi_uidivmod
 .text          0x000000000001ab58      0x2b0 /home/wta3wx/Linux/Tools/gcc-linaro-7.5.0-2019.12-x86_64_arm-linux-gnueabihf/bin/../lib/gcc/arm-linux-gnueabihf/7.5.0/libgcc.a(_divsi3.o)
                0x000000000001ab58                __divsi3
                0x000000000001ab58                __aeabi_idiv
                0x000000000001adec                __aeabi_idivmod
 .text          0x000000000001ae08       0x40 /home/wta3wx/Linux/Tools/gcc-linaro-7.5.0-2019.12-x86_64_arm-linux-gnueabihf/bin/../lib/gcc/arm-linux-gnueabihf/7.5.0/libgcc.a(_fixunsdfdi.o)
                0x000000000001ae08                __aeabi_d2ulz
                0x000000000001ae08                __fixunsdfdi
 .text          0x000000000001ae48       0x30 /home/wta3wx/Linux/Tools/gcc-linaro-7.5.0-2019.12-x86_64_arm-linux-gnueabihf/bin/../arm-linux-gnueabihf/libc/usr/lib/crt1.o
                0x000000000001ae48                _start
 .text          0x000000000001ae78       0x24 /home/wta3wx/Linux/Tools/gcc-linaro-7.5.0-2019.12-x86_64_arm-linux-gnueabihf/bin/../arm-linux-gnueabihf/libc/usr/lib/crti.o
 .text          0x000000000001ae9c       0x6c /home/wta3wx/Linux/Tools/gcc-linaro-7.5.0-2019.12-x86_64_arm-linux-gnueabihf/bin/../lib/gcc/arm-linux-gnueabihf/7.5.0/crtbegin.o
 .text.unpack_usage_messages
                0x000000000001af08       0x54 libbb/lib.a(appletlib.o)
 .text.find_applet_by_name
                0x000000000001af5c       0x70 libbb/lib.a(appletlib.o)
                0x000000000001af5c                find_applet_by_name
 .text.bb_show_usage
                0x000000000001afcc       0x78 libbb/lib.a(appletlib.o)
                0x000000000001afcc                bb_show_usage
 .text.parse_config_file
                0x000000000001b044      0x1e8 libbb/lib.a(appletlib.o)
 .text.lbb_prepare
                0x000000000001b22c       0x1c libbb/lib.a(appletlib.o)
                0x000000000001b22c                lbb_prepare
 .text.run_applet_no_and_exit
                0x000000000001b248      0x180 libbb/lib.a(appletlib.o)
                0x000000000001b248                run_applet_no_and_exit
 .text.run_applet_and_exit
                0x000000000001b3c8      0x24c libbb/lib.a(appletlib.o)
 .text.main     0x000000000001b614       0x50 libbb/lib.a(appletlib.o)
                0x000000000001b614                main
 .text.concat_path_file
                0x000000000001b664       0x44 libbb/lib.a(concat_path_file.o)
                0x000000000001b664                concat_path_file
 .text.bb_perror_msg
                0x000000000001b6a8       0x30 libbb/lib.a(perror_msg.o)
                0x000000000001b6a8                bb_perror_msg
 .text.bb_perror_msg_and_die
                0x000000000001b6d8       0x2c libbb/lib.a(perror_msg.o)
                0x000000000001b6d8                bb_perror_msg_and_die
 .text.bb_simple_perror_msg
                0x000000000001b704        0xc libbb/lib.a(perror_msg.o)
                0x000000000001b704                bb_simple_perror_msg
 .text.bb_simple_perror_msg_and_die
                0x000000000001b710       0x10 libbb/lib.a(perror_msg.o)
                0x000000000001b710                bb_simple_perror_msg_and_die
 .text.skip_dev_pfx
                0x000000000001b720       0x18 libbb/lib.a(skip_whitespace.o)
                0x000000000001b720                skip_dev_pfx
 .text.bb_verror_msg
                0x000000000001b738      0x15c libbb/lib.a(verror_msg.o)
                0x000000000001b738                bb_verror_msg
 .text.xfdopen_helper
                0x000000000001b894       0x28 libbb/lib.a(wfopen.o)
 .text.fopen_for_read
                0x000000000001b8bc        0xc libbb/lib.a(wfopen.o)
                0x000000000001b8bc                fopen_for_read
 .text.xfopen_for_read
                0x000000000001b8c8        0xc libbb/lib.a(wfopen.o)
                0x000000000001b8c8                xfopen_for_read
 .text.fopen_for_write
                0x000000000001b8d4        0xc libbb/lib.a(wfopen.o)
                0x000000000001b8d4                fopen_for_write
 .text.xfopen_for_write
                0x000000000001b8e0        0xc libbb/lib.a(wfopen.o)
                0x000000000001b8e0                xfopen_for_write
 .text.xfunc_die
                0x000000000001b8ec       0x1c libbb/lib.a(xfunc_die.o)
                0x000000000001b8ec                xfunc_die
 .text.utoa_to_buf
                0x000000000001b908       0x58 libbb/lib.a(xfuncs.o)
                0x000000000001b908                utoa_to_buf
 .text.utoa     0x000000000001b960       0x18 libbb/lib.a(xfuncs.o)
                0x000000000001b960                utoa
 .text.itoa     0x000000000001b978       0x18 libbb/lib.a(xfuncs.o)
                0x000000000001b978                itoa
 .text.bin2hex  0x000000000001b990       0x3c libbb/lib.a(xfuncs.o)
                0x000000000001b990                bin2hex
 .text.hex2bin  0x000000000001b9cc       0x84 libbb/lib.a(xfuncs.o)
                0x000000000001b9cc                hex2bin
 .text.get_terminal_width_height
                0x000000000001ba50       0xd8 libbb/lib.a(xfuncs.o)
                0x000000000001ba50                get_terminal_width_height
 .text.safe_waitpid
                0x000000000001bb28       0x28 libbb/lib.a(xfuncs.o)
                0x000000000001bb28                safe_waitpid
 .text.wait_for_exitstatus
                0x000000000001bb50       0x20 libbb/lib.a(xfuncs.o)
                0x000000000001bb50                wait_for_exitstatus
 .text.bb_die_memory_exhausted
                0x000000000001bb70        0xc libbb/lib.a(xfuncs_printf.o)
                0x000000000001bb70                bb_die_memory_exhausted
 .text.malloc_or_warn
                0x000000000001bb7c       0x1c libbb/lib.a(xfuncs_printf.o)
                0x000000000001bb7c                malloc_or_warn
 .text.xfopen   0x000000000001bb98       0x18 libbb/lib.a(xfuncs_printf.o)
                0x000000000001bb98                xfopen
 .text.xopen3   0x000000000001bbb0       0x1c libbb/lib.a(xfuncs_printf.o)
                0x000000000001bbb0                xopen3
 .text.open3_or_warn
                0x000000000001bbcc       0x1c libbb/lib.a(xfuncs_printf.o)
                0x000000000001bbcc                open3_or_warn
 .text.xunlink  0x000000000001bbe8       0x18 libbb/lib.a(xfuncs_printf.o)
                0x000000000001bbe8                xunlink
 .text.xrename  0x000000000001bc00       0x1c libbb/lib.a(xfuncs_printf.o)
                0x000000000001bc00                xrename
 .text.rename_or_warn
                0x000000000001bc1c       0x20 libbb/lib.a(xfuncs_printf.o)
                0x000000000001bc1c                rename_or_warn
 .text.xpipe    0x000000000001bc3c       0x14 libbb/lib.a(xfuncs_printf.o)
                0x000000000001bc3c                xpipe
 .text.xdup2    0x000000000001bc50       0x18 libbb/lib.a(xfuncs_printf.o)
                0x000000000001bc50                xdup2
 .text.xwrite   0x000000000001bc68       0x28 libbb/lib.a(xfuncs_printf.o)
                0x000000000001bc68                xwrite
 .text.xclose   0x000000000001bc90       0x14 libbb/lib.a(xfuncs_printf.o)
                0x000000000001bc90                xclose
 .text.xlseek   0x000000000001bca4       0x38 libbb/lib.a(xfuncs_printf.o)
                0x000000000001bca4                xlseek
 .text.xmkstemp
                0x000000000001bcdc       0x1c libbb/lib.a(xfuncs_printf.o)
                0x000000000001bcdc                xmkstemp
 .text.die_if_ferror
                0x000000000001bcf8       0x18 libbb/lib.a(xfuncs_printf.o)
                0x000000000001bcf8                die_if_ferror
 .text.die_if_ferror_stdout
                0x000000000001bd10       0x14 libbb/lib.a(xfuncs_printf.o)
                0x000000000001bd10                die_if_ferror_stdout
 .text.xsetgid  0x000000000001bd24       0x14 libbb/lib.a(xfuncs_printf.o)
                0x000000000001bd24                xsetgid
 .text.xsetuid  0x000000000001bd38       0x14 libbb/lib.a(xfuncs_printf.o)
                0x000000000001bd38                xsetuid
 .text.xsetegid
                0x000000000001bd4c       0x14 libbb/lib.a(xfuncs_printf.o)
                0x000000000001bd4c                xsetegid
 .text.xseteuid
                0x000000000001bd60       0x14 libbb/lib.a(xfuncs_printf.o)
                0x000000000001bd60                xseteuid
 .text.xchdir   0x000000000001bd74       0x18 libbb/lib.a(xfuncs_printf.o)
                0x000000000001bd74                xchdir
 .text.xfchdir  0x000000000001bd8c       0x14 libbb/lib.a(xfuncs_printf.o)
                0x000000000001bd8c                xfchdir
 .text.xchroot  0x000000000001bda0       0x24 libbb/lib.a(xfuncs_printf.o)
                0x000000000001bda0                xchroot
 .text.warn_opendir
                0x000000000001bdc4       0x1c libbb/lib.a(xfuncs_printf.o)
                0x000000000001bdc4                warn_opendir
 .text.xopendir
                0x000000000001bde0       0x18 libbb/lib.a(xfuncs_printf.o)
                0x000000000001bde0                xopendir
 .text.xsocket  0x000000000001bdf8       0x18 libbb/lib.a(xfuncs_printf.o)
                0x000000000001bdf8                xsocket
 .text.xbind    0x000000000001be10       0x14 libbb/lib.a(xfuncs_printf.o)
                0x000000000001be10                xbind
 .text.xlisten  0x000000000001be24       0x14 libbb/lib.a(xfuncs_printf.o)
                0x000000000001be24                xlisten
 .text.xsendto  0x000000000001be38       0x20 libbb/lib.a(xfuncs_printf.o)
                0x000000000001be38                xsendto
 .text.xstat    0x000000000001be58       0x18 libbb/lib.a(xfuncs_printf.o)
                0x000000000001be58                xstat
 .text.ioctl_or_perror_and_die
                0x000000000001be70       0x38 libbb/lib.a(xfuncs_printf.o)
                0x000000000001be70                ioctl_or_perror_and_die
 .text.ioctl_or_perror
                0x000000000001bea8       0x34 libbb/lib.a(xfuncs_printf.o)
                0x000000000001bea8                ioctl_or_perror
 .text.generate_uuid
                0x000000000001bedc       0x70 libbb/lib.a(xfuncs_printf.o)
                0x000000000001bedc                generate_uuid
 .text.xfork    0x000000000001bf4c       0x18 libbb/lib.a(xfuncs_printf.o)
                0x000000000001bf4c                xfork
 .text.xvfork_parent_waits_and_exits
                0x000000000001bf64       0x3c libbb/lib.a(xfuncs_printf.o)
                0x000000000001bf64                xvfork_parent_waits_and_exits
 .text.xmalloc_follow_symlinks
                0x000000000001bfa0       0x78 libbb/lib.a(xreadlink.o)
                0x000000000001bfa0                xmalloc_follow_symlinks
 .text.xmalloc_readlink_or_warn
                0x000000000001c018       0x38 libbb/lib.a(xreadlink.o)
                0x000000000001c018                xmalloc_readlink_or_warn
 .text.xmalloc_realpath_coreutils
                0x000000000001c050       0x60 libbb/lib.a(xreadlink.o)
                0x000000000001c050                xmalloc_realpath_coreutils
 .text.bb_full_fd_action
                0x000000000001c0b0      0x108 libbb/lib.a(copyfd.o)
 .text.bb_copyfd_exact_size
                0x000000000001c1b8       0x40 libbb/lib.a(copyfd.o)
                0x000000000001c1b8                bb_copyfd_exact_size
 .text.safe_read
                0x000000000001c1f8       0x28 libbb/lib.a(read.o)
                0x000000000001c1f8                safe_read
 .text.safe_write
                0x000000000001c220       0x34 libbb/lib.a(safe_write.o)
                0x000000000001c220                safe_write
 .text.record_signo
                0x000000000001c254        0xc libbb/lib.a(signals.o)
                0x000000000001c254                record_signo
 .text.get_mono
                0x000000000001c260       0x1c libbb/lib.a(time.o)
 .text.parse_datestr
                0x000000000001c27c      0x2d8 libbb/lib.a(time.o)
                0x000000000001c27c                parse_datestr
 .text.validate_tm_time
                0x000000000001c554       0x1c libbb/lib.a(time.o)
                0x000000000001c554                validate_tm_time
 .text.strftime_HHMMSS
                0x000000000001c570       0x2c libbb/lib.a(time.o)
                0x000000000001c570                strftime_HHMMSS
 .text.strftime_YYYYMMDDHHMMSS
                0x000000000001c59c       0x2c libbb/lib.a(time.o)
                0x000000000001c59c                strftime_YYYYMMDDHHMMSS
 .text.monotonic_us
                0x000000000001c5c8       0x30 libbb/lib.a(time.o)
                0x000000000001c5c8                monotonic_us
 .text.monotonic_ms
                0x000000000001c5f8       0x2c libbb/lib.a(time.o)
                0x000000000001c5f8                monotonic_ms
 .text.handle_errors.isra.0
                0x000000000001c624       0x38 libbb/lib.a(bb_strtonum.o)
 .text.bb_strtoull
                0x000000000001c65c       0x48 libbb/lib.a(bb_strtonum.o)
                0x000000000001c65c                bb_strtoull
 .text.bb_strtoll
                0x000000000001c6a4       0x50 libbb/lib.a(bb_strtonum.o)
                0x000000000001c6a4                bb_strtoll
 .text.bb_strtoul
                0x000000000001c6f4       0x48 libbb/lib.a(bb_strtonum.o)
                0x000000000001c6f4                bb_strtoul
 .text.bb_strtol
                0x000000000001c73c       0x50 libbb/lib.a(bb_strtonum.o)
                0x000000000001c73c                bb_strtol
 .text.get_S    0x000000000001c78c       0x7c libpwdgrp/lib.a(pwd_grp.o)
 .text.tokenize
                0x000000000001c808       0x70 libpwdgrp/lib.a(pwd_grp.o)
 .text.parse_common
                0x000000000001c878       0x9c libpwdgrp/lib.a(pwd_grp.o)
 .text.convert_to_struct
                0x000000000001c914       0xe4 libpwdgrp/lib.a(pwd_grp.o)
 .text.massage_data_for_r_func
                0x000000000001c9f8       0x58 libpwdgrp/lib.a(pwd_grp.o)
 .text.massage_data_for_non_r_func
                0x000000000001ca50       0x48 libpwdgrp/lib.a(pwd_grp.o)
 .text.getgrouplist_internal
                0x000000000001ca98       0xa4 libpwdgrp/lib.a(pwd_grp.o)
 .text.bb_internal_endpwent
                0x000000000001cb3c       0x1c libpwdgrp/lib.a(pwd_grp.o)
                0x000000000001cb3c                bb_internal_endpwent
 .text.bb_internal_setpwent
                0x000000000001cb58       0x14 libpwdgrp/lib.a(pwd_grp.o)
                0x000000000001cb58                bb_internal_setpwent
 .text.bb_internal_endgrent
                0x000000000001cb6c       0x1c libpwdgrp/lib.a(pwd_grp.o)
                0x000000000001cb6c                bb_internal_endgrent
 .text.get_uidgid
                0x000000000001cb88       0xa0 libpwdgrp/lib.a(uidgid_get.o)
                0x000000000001cb88                get_uidgid
 .text.xget_uidgid
                0x000000000001cc28       0x18 libpwdgrp/lib.a(uidgid_get.o)
                0x000000000001cc28                xget_uidgid
 .text.parse_chown_usergroup_or_die
                0x000000000001cc40       0x60 libpwdgrp/lib.a(uidgid_get.o)
                0x000000000001cc40                parse_chown_usergroup_or_die
 .text.add_remove_shell_main
                0x000000000001cca0       0xf4 loginutils/lib.a(add-remove-shell.o)
                0x000000000001cca0                add_remove_shell_main
 .text.addgroup_main
                0x000000000001cd94      0x16c loginutils/lib.a(addgroup.o)
                0x000000000001cd94                addgroup_main
 .text.addgroup_wrapper
                0x000000000001cf00       0x48 loginutils/lib.a(adduser.o)
 .text.adduser_main
                0x000000000001cf48      0x2b0 loginutils/lib.a(adduser.o)
                0x000000000001cf48                adduser_main
 .text.chpasswd_main
                0x000000000001d1f8      0x104 loginutils/lib.a(chpasswd.o)
                0x000000000001d1f8                chpasswd_main
 .text.cryptpw_main
                0x000000000001d2fc       0xac loginutils/lib.a(cryptpw.o)
                0x000000000001d2fc                cryptpw_main
 .text.deluser_main
                0x000000000001d3a8      0x124 loginutils/lib.a(deluser.o)
                0x000000000001d3a8                deluser_main
 .text.set_tty_attrs
                0x000000000001d4cc       0x20 loginutils/lib.a(getty.o)
 .text.finalize_tty_attrs
                0x000000000001d4ec       0x64 loginutils/lib.a(getty.o)
 .text.getty_main
                0x000000000001d550      0x514 loginutils/lib.a(getty.o)
                0x000000000001d550                getty_main
 .text.alarm_handler
                0x000000000001da64       0x30 loginutils/lib.a(login.o)
 .text.login_main
                0x000000000001da94      0x34c loginutils/lib.a(login.o)
                0x000000000001da94                login_main
 .text.passwd_main
                0x000000000001dde0      0x2f0 loginutils/lib.a(passwd.o)
                0x000000000001dde0                passwd_main
 .text.su_main  0x000000000001e0d0      0x198 loginutils/lib.a(su.o)
                0x000000000001e0d0                su_main
 .text.sulogin_main
                0x000000000001e268       0xe4 loginutils/lib.a(sulogin.o)
                0x000000000001e268                sulogin_main
 .text.release_vt
                0x000000000001e34c       0x18 loginutils/lib.a(vlock.o)
 .text.vlock_main
                0x000000000001e364      0x13c loginutils/lib.a(vlock.o)
                0x000000000001e364                vlock_main
 .text.makemime_main
                0x000000000001e4a0      0x12c mailutils/lib.a(makemime.o)
                0x000000000001e4a0                makemime_main
 .text.pop3_checkr
                0x000000000001e5cc       0x64 mailutils/lib.a(popmaildir.o)
 .text.popmaildir_main
                0x000000000001e630      0x298 mailutils/lib.a(popmaildir.o)
                0x000000000001e630                popmaildir_main
 .text.parse    0x000000000001e8c8      0x2e4 mailutils/lib.a(reformime.o)
 .text.reformime_main
                0x000000000001ebac       0x6c mailutils/lib.a(reformime.o)
                0x000000000001ebac                reformime_main
 .text.smtp_checkp
                0x000000000001ec18       0x98 mailutils/lib.a(sendmail.o)
 .text.rcptto   0x000000000001ecb0       0x30 mailutils/lib.a(sendmail.o)
 .text.sane_address
                0x000000000001ece0       0x48 mailutils/lib.a(sendmail.o)
 .text.send_r_n
                0x000000000001ed28       0x2c mailutils/lib.a(sendmail.o)
 .text.sendmail_main
                0x000000000001ed54      0x3b0 mailutils/lib.a(sendmail.o)
                0x000000000001ed54                sendmail_main
 .text.signal_handler
                0x000000000001f104       0x58 mailutils/lib.a(mail.o)
 .text.launch_helper
                0x000000000001f15c       0xa4 mailutils/lib.a(mail.o)
                0x000000000001f15c                launch_helper
 .text.send_mail_command
                0x000000000001f200       0x48 mailutils/lib.a(mail.o)
                0x000000000001f200                send_mail_command
 .text.encode_base64
                0x000000000001f248       0xcc mailutils/lib.a(mail.o)
                0x000000000001f248                encode_base64
 .text.get_cred_or_die
                0x000000000001f314       0x60 mailutils/lib.a(mail.o)
                0x000000000001f314                get_cred_or_die
 .text.adjtimex_main
                0x000000000001f374      0x134 miscutils/lib.a(adjtimex.o)
                0x000000000001f374                adjtimex_main
 .text.beep_main
                0x000000000001f4a8       0xd8 miscutils/lib.a(beep.o)
                0x000000000001f4a8                beep_main
 .text.signal_handler
                0x000000000001f580        0xc miscutils/lib.a(chat.o)
 .text.chat_main
                0x000000000001f58c      0x3a4 miscutils/lib.a(chat.o)
                0x000000000001f58c                chat_main
 .text.create_cdev_if_doesnt_exist
                0x000000000001f930       0x3c miscutils/lib.a(conspy.o)
 .text.start_shell_in_child
                0x000000000001f96c       0xac miscutils/lib.a(conspy.o)
 .text.putcsi   0x000000000001fa18       0x24 miscutils/lib.a(conspy.o)
 .text.set_cursor
                0x000000000001fa3c       0x34 miscutils/lib.a(conspy.o)
 .text.gotoxy   0x000000000001fa70       0x28 miscutils/lib.a(conspy.o)
 .text.screen_char
                0x000000000001fa98       0xdc miscutils/lib.a(conspy.o)
 .text.screen_dump
                0x000000000001fb74       0x94 miscutils/lib.a(conspy.o)
 .text.cleanup  0x000000000001fc08       0x4c miscutils/lib.a(conspy.o)
 .text.screen_read_close
                0x000000000001fc54       0xc4 miscutils/lib.a(conspy.o)
 .text.conspy_main
                0x000000000001fd18      0x398 miscutils/lib.a(conspy.o)
                0x000000000001fd18                conspy_main
 .text.crondlog
                0x00000000000200b0       0x2c miscutils/lib.a(crond.o)
 .text.reopen_logfile_to_stderr
                0x00000000000200dc       0x24 miscutils/lib.a(crond.o)
 .text.delete_cronfile
                0x0000000000020100       0x68 miscutils/lib.a(crond.o)
 .text.ParseField
                0x0000000000020168      0x14c miscutils/lib.a(crond.o)
 .text.safe_setenv
                0x00000000000202b4       0x28 miscutils/lib.a(crond.o)
 .text.fork_job
                0x00000000000202dc      0x15c miscutils/lib.a(crond.o)
 .text.start_jobs
                0x0000000000020438      0x10c miscutils/lib.a(crond.o)
 .text.log7.constprop.0
                0x0000000000020544       0x20 miscutils/lib.a(crond.o)
 .text.load_crontab
                0x0000000000020564      0x29c miscutils/lib.a(crond.o)
 .text.rescan_crontab_dir
                0x0000000000020800       0x70 miscutils/lib.a(crond.o)
 .text.crond_main
                0x0000000000020870      0x324 miscutils/lib.a(crond.o)
                0x0000000000020870                crond_main
 .text.edit_file
                0x0000000000020b94       0x70 miscutils/lib.a(crontab.o)
 .text.crontab_main
                0x0000000000020c04      0x1c0 miscutils/lib.a(crontab.o)
                0x0000000000020c04                crontab_main
 .text.pop      0x0000000000020dc4       0x28 miscutils/lib.a(dc.o)
 .text.push     0x0000000000020dec       0x2c miscutils/lib.a(dc.o)
 .text.stack_machine
                0x0000000000020e18       0x60 miscutils/lib.a(dc.o)
 .text.set_output_base
                0x0000000000020e78       0x44 miscutils/lib.a(dc.o)
 .text.print_base
                0x0000000000020ebc       0xe8 miscutils/lib.a(dc.o)
 .text.print_stack_no_pop
                0x0000000000020fa4       0x24 miscutils/lib.a(dc.o)
 .text.print_no_pop
                0x0000000000020fc8       0x2c miscutils/lib.a(dc.o)
 .text.dc_main  0x0000000000020ff4       0x4c miscutils/lib.a(dc.o)
                0x0000000000020ff4                dc_main
 .text.devmem_main
                0x0000000000021040      0x15c miscutils/lib.a(devmem.o)
                0x0000000000021040                devmem_main
 .text.fb_pixel_value
                0x000000000002119c       0x58 miscutils/lib.a(fbsplash.o)
 .text.fb_write_pixel
                0x00000000000211f4       0x30 miscutils/lib.a(fbsplash.o)
 .text.fb_drawfullrectangle
                0x0000000000021224       0x60 miscutils/lib.a(fbsplash.o)
 .text.fb_drawprogressbar
                0x0000000000021284      0x150 miscutils/lib.a(fbsplash.o)
 .text.fb_setpal
                0x00000000000213d4       0x6c miscutils/lib.a(fbsplash.o)
 .text.fbsplash_main
                0x0000000000021440      0x334 miscutils/lib.a(fbsplash.o)
                0x0000000000021440                fbsplash_main
 .text.parse_opts
                0x0000000000021774       0x1c miscutils/lib.a(hdparm.o)
 .text.translate_xfermode
                0x0000000000021790       0x54 miscutils/lib.a(hdparm.o)
 .text.xprint_ascii
                0x00000000000217e4       0x50 miscutils/lib.a(hdparm.o)
 .text.mode_loop
                0x0000000000021834       0x60 miscutils/lib.a(hdparm.o)
 .text.on_off   0x0000000000021894       0x18 miscutils/lib.a(hdparm.o)
 .text.print_value_on_off
                0x00000000000218ac       0x20 miscutils/lib.a(hdparm.o)
 .text.bus_state_value
                0x00000000000218cc       0x30 miscutils/lib.a(hdparm.o)
 .text.identify_from_stdin
                0x00000000000218fc       0x60 miscutils/lib.a(hdparm.o)
 .text.dump_identity
                0x000000000002195c      0x378 miscutils/lib.a(hdparm.o)
 .text.flush_buffer_cache
                0x0000000000021cd4       0x4c miscutils/lib.a(hdparm.o)
 .text.do_time  0x0000000000021d20      0x168 miscutils/lib.a(hdparm.o)
 .text.print_flag_on_off.constprop.1
                0x0000000000021e88       0x1c miscutils/lib.a(hdparm.o)
 .text.ioctl_alt_func.constprop.2
                0x0000000000021ea4       0x30 miscutils/lib.a(hdparm.o)
 .text.process_dev
                0x0000000000021ed4      0x9e0 miscutils/lib.a(hdparm.o)
 .text.hdparm_main
                0x00000000000228b4      0x3c4 miscutils/lib.a(hdparm.o)
                0x00000000000228b4                hdparm_main
 .text.format_line
                0x0000000000022c78       0xb8 miscutils/lib.a(hexedit.o)
 .text.redraw_cur_line
                0x0000000000022d30       0x50 miscutils/lib.a(hexedit.o)
 .text.redraw   0x0000000000022d80       0xa8 miscutils/lib.a(hexedit.o)
 .text.restore_term
                0x0000000000022e28       0x24 miscutils/lib.a(hexedit.o)
 .text.sig_catcher
                0x0000000000022e4c       0x24 miscutils/lib.a(hexedit.o)
 .text.remap    0x0000000000022e70       0x78 miscutils/lib.a(hexedit.o)
 .text.move_mapping_further
                0x0000000000022ee8       0x5c miscutils/lib.a(hexedit.o)
 .text.move_mapping_lower
                0x0000000000022f44       0x50 miscutils/lib.a(hexedit.o)
 .text.hexedit_main
                0x0000000000022f94      0x388 miscutils/lib.a(hexedit.o)
                0x0000000000022f94                hexedit_main
 .text.i2c_bus_lookup
                0x000000000002331c       0x10 miscutils/lib.a(i2c_tools.o)
 .text.i2c_dev_open
                0x000000000002332c       0x48 miscutils/lib.a(i2c_tools.o)
 .text.check_funcs_test_end
                0x0000000000023374       0x28 miscutils/lib.a(i2c_tools.o)
 .text.check_read_funcs
                0x000000000002339c       0x9c miscutils/lib.a(i2c_tools.o)
 .text.i2c_set_slave_addr
                0x0000000000023438       0x24 miscutils/lib.a(i2c_tools.o)
 .text.confirm_or_abort
                0x000000000002345c       0x28 miscutils/lib.a(i2c_tools.o)
 .text.confirm_action
                0x0000000000023484       0x54 miscutils/lib.a(i2c_tools.o)
 .text.list_i2c_busses_and_exit
                0x00000000000234d8      0x17c miscutils/lib.a(i2c_tools.o)
 .text.i2cget_main
                0x0000000000023654      0x148 miscutils/lib.a(i2c_tools.o)
                0x0000000000023654                i2cget_main
 .text.i2cset_main
                0x000000000002379c      0x3c4 miscutils/lib.a(i2c_tools.o)
                0x000000000002379c                i2cset_main
 .text.i2cdump_main
                0x0000000000023b60      0x43c miscutils/lib.a(i2c_tools.o)
                0x0000000000023b60                i2cdump_main
 .text.i2cdetect_main
                0x0000000000023f9c      0x234 miscutils/lib.a(i2c_tools.o)
                0x0000000000023f9c                i2cdetect_main
 .text.at_end   0x00000000000241d0       0x48 miscutils/lib.a(less.o)
 .text.safe_lineno
                0x0000000000024218       0x28 miscutils/lib.a(less.o)
 .text.sigwinch_handler
                0x0000000000024240       0x10 miscutils/lib.a(less.o)
 .text.set_tty_cooked
                0x0000000000024250       0x20 miscutils/lib.a(less.o)
 .text.clear_line
                0x0000000000024270       0x18 miscutils/lib.a(less.o)
 .text.less_exit
                0x0000000000024288       0x30 miscutils/lib.a(less.o)
 .text.print_statusline
                0x00000000000242b8       0x24 miscutils/lib.a(less.o)
 .text.fill_match_lines
                0x00000000000242dc       0x78 miscutils/lib.a(less.o)
 .text.read_lines
                0x0000000000024354      0x288 miscutils/lib.a(less.o)
 .text.goto_lineno
                0x00000000000245dc       0x64 miscutils/lib.a(less.o)
 .text.cap_cur_fline
                0x0000000000024640       0x60 miscutils/lib.a(less.o)
 .text.re_wrap  0x00000000000246a0      0x140 miscutils/lib.a(less.o)
 .text.update_num_lines
                0x00000000000247e0       0xa4 miscutils/lib.a(less.o)
 .text.m_status_print
                0x0000000000024884       0xdc miscutils/lib.a(less.o)
 .text.status_print
                0x0000000000024960       0x70 miscutils/lib.a(less.o)
 .text.buffer_print
                0x00000000000249d0      0x22c miscutils/lib.a(less.o)
 .text.buffer_fill_and_print
                0x0000000000024bfc       0x8c miscutils/lib.a(less.o)
 .text.reinitialize
                0x0000000000024c88       0x8c miscutils/lib.a(less.o)
 .text.change_file
                0x0000000000024d14       0x5c miscutils/lib.a(less.o)
 .text.buffer_down
                0x0000000000024d70       0x40 miscutils/lib.a(less.o)
 .text.buffer_up
                0x0000000000024db0       0x44 miscutils/lib.a(less.o)
 .text.buffer_to_line
                0x0000000000024df4       0x30 miscutils/lib.a(less.o)
 .text.goto_match
                0x0000000000024e24       0x68 miscutils/lib.a(less.o)
 .text.getch_nowait
                0x0000000000024e8c       0xd0 miscutils/lib.a(less.o)
 .text.less_getch
                0x0000000000024f5c       0x28 miscutils/lib.a(less.o)
 .text.less_gets
                0x0000000000024f84       0x80 miscutils/lib.a(less.o)
 .text.examine_file
                0x0000000000025004       0x5c miscutils/lib.a(less.o)
 .text.regex_process
                0x0000000000025060       0xdc miscutils/lib.a(less.o)
 .text.less_main
                0x000000000002513c      0x800 miscutils/lib.a(less.o)
                0x000000000002513c                less_main
 .text.lsscsi_main
                0x000000000002593c      0x104 miscutils/lib.a(lsscsi.o)
                0x000000000002593c                lsscsi_main
 .text.makedevs_main
                0x0000000000025a40      0x2a0 miscutils/lib.a(makedevs.o)
                0x0000000000025a40                makedevs_main
 .text.run_pipe
                0x0000000000025ce0      0x12c miscutils/lib.a(man.o)
 .text.show_manpage
                0x0000000000025e0c       0x88 miscutils/lib.a(man.o)
 .text.man_main
                0x0000000000025e94      0x274 miscutils/lib.a(man.o)
                0x0000000000025e94                man_main
 .text.microcom_main
                0x0000000000026108      0x200 miscutils/lib.a(microcom.o)
                0x0000000000026108                microcom_main
 .text.mt_main  0x0000000000026308       0xc4 miscutils/lib.a(mt.o)
                0x0000000000026308                mt_main
 .text.next_good_eraseblock
                0x00000000000263cc       0x74 miscutils/lib.a(nandwrite.o)
 .text.nandwrite_main
                0x0000000000026440      0x334 miscutils/lib.a(nandwrite.o)
                0x0000000000026440                nandwrite_main
 .text.partprobe_main
                0x0000000000026774       0x50 miscutils/lib.a(partprobe.o)
                0x0000000000026774                partprobe_main
 .text.raidautorun_main
                0x00000000000267c4       0x24 miscutils/lib.a(raidautorun.o)
                0x00000000000267c4                raidautorun_main
 .text.runlevel_main
                0x00000000000267e8       0x58 miscutils/lib.a(runlevel.o)
                0x00000000000267e8                runlevel_main
 .text.rx_main  0x0000000000026840      0x2a0 miscutils/lib.a(rx.o)
                0x0000000000026840                rx_main
 .text.setfattr_main
                0x0000000000026ae0       0xa4 miscutils/lib.a(setfattr.o)
                0x0000000000026ae0                setfattr_main
 .text.serial_ctl
                0x0000000000026b84       0x74 miscutils/lib.a(setserial.o)
 .text.setserial_main
                0x0000000000026bf8      0x3c8 miscutils/lib.a(setserial.o)
                0x0000000000026bf8                setserial_main
 .text.strings_main
                0x0000000000026fc0      0x154 miscutils/lib.a(strings.o)
                0x0000000000026fc0                strings_main
 .text.run_command
                0x0000000000027114       0x9c miscutils/lib.a(time.o)
 .text.time_main
                0x00000000000271b0      0x3e4 miscutils/lib.a(time.o)
                0x00000000000271b0                time_main
 .text.ttysize_main
                0x0000000000027594       0x88 miscutils/lib.a(ttysize.o)
                0x0000000000027594                ttysize_main
 .text.get_num_from_file
                0x000000000002761c       0x50 miscutils/lib.a(ubi_tools.o)
 .text.ubi_tools_main
                0x000000000002766c      0x36c miscutils/lib.a(ubi_tools.o)
                0x000000000002766c                ubi_tools_main
 .text.ubirename_main
                0x00000000000279d8       0xb8 miscutils/lib.a(ubirename.o)
                0x00000000000279d8                ubirename_main
 .text.volname_main
                0x0000000000027a90       0x48 miscutils/lib.a(volname.o)
                0x0000000000027a90                volname_main
 .text.shutdown_watchdog
                0x0000000000027ad8       0x1c miscutils/lib.a(watchdog.o)
 .text.shutdown_on_signal
                0x0000000000027af4       0x20 miscutils/lib.a(watchdog.o)
 .text.watchdog_main
                0x0000000000027b14       0xf0 miscutils/lib.a(watchdog.o)
                0x0000000000027b14                watchdog_main
 .text.parse_module
                0x0000000000027c04      0x108 modutils/lib.a(depmod.o)
 .text.xfreopen_write
                0x0000000000027d0c       0x20 modutils/lib.a(depmod.o)
 .text.depmod_main
                0x0000000000027d2c      0x1d0 modutils/lib.a(depmod.o)
                0x0000000000027d2c                depmod_main
 .text.insmod_main
                0x0000000000027efc       0x34 modutils/lib.a(insmod.o)
                0x0000000000027efc                insmod_main
 .text.lsmod_main
                0x0000000000027f30       0xe4 modutils/lib.a(lsmod.o)
                0x0000000000027f30                lsmod_main
 .text.display  0x0000000000028014       0x4c modutils/lib.a(modinfo.o)
 .text.modinfo  0x0000000000028060      0x110 modutils/lib.a(modinfo.o)
 .text.modinfo_main
                0x0000000000028170       0xf8 modutils/lib.a(modinfo.o)
                0x0000000000028170                modinfo_main
 .text.read_config
                0x0000000000028268       0x1c modutils/lib.a(modprobe.o)
 .text.gather_options_str
                0x0000000000028284       0x40 modutils/lib.a(modprobe.o)
 .text.load_modules_dep
                0x00000000000282c4       0xc0 modutils/lib.a(modprobe.o)
 .text.get_or_add_modentry
                0x0000000000028384       0x14 modutils/lib.a(modprobe.o)
 .text.add_probe
                0x0000000000028398       0x54 modutils/lib.a(modprobe.o)
 .text.config_file_action
                0x00000000000283ec      0x15c modutils/lib.a(modprobe.o)
 .text.do_modprobe
                0x0000000000028548      0x1ec modutils/lib.a(modprobe.o)
 .text.modprobe_main
                0x0000000000028734      0x260 modutils/lib.a(modprobe.o)
                0x0000000000028734                modprobe_main
 .text.parse_cmdline_module_options
                0x0000000000028994       0x7c modutils/lib.a(modutils.o)
                0x0000000000028994                parse_cmdline_module_options
 .text.bb_init_module
                0x0000000000028a10       0x88 modutils/lib.a(modutils.o)
                0x0000000000028a10                bb_init_module
 .text.bb_delete_module
                0x0000000000028a98       0x1c modutils/lib.a(modutils.o)
                0x0000000000028a98                bb_delete_module
 .text.moderror
                0x0000000000028ab4       0x48 modutils/lib.a(modutils.o)
                0x0000000000028ab4                moderror
 .text.rmmod_main
                0x0000000000028afc       0x88 modutils/lib.a(rmmod.o)
                0x0000000000028afc                rmmod_main
 .text.arp_show
                0x0000000000028b84      0x1c8 networking/lib.a(arp.o)
 .text.arp_main
                0x0000000000028d4c      0x404 networking/lib.a(arp.o)
                0x0000000000028d4c                arp_main
 .text.finish   0x0000000000029150       0x58 networking/lib.a(arping.o)
 .text.catcher  0x00000000000291a8       0xf4 networking/lib.a(arping.o)
 .text.arping_main
                0x000000000002929c      0x4e4 networking/lib.a(arping.o)
                0x000000000002929c                arping_main
 .text.dnsd_main
                0x0000000000029780      0x3bc networking/lib.a(dnsd.o)
                0x0000000000029780                dnsd_main
 .text.ether_wake_main
                0x0000000000029b3c      0x1c4 networking/lib.a(ether-wake.o)
                0x0000000000029b3c                ether_wake_main
 .text.verbose_log
                0x0000000000029d00       0x20 networking/lib.a(ftpd.o)
 .text.cmdio_get_cmd_and_arg
                0x0000000000029d20       0xd0 networking/lib.a(ftpd.o)
 .text.cmdio_write_ok
                0x0000000000029df0       0x2c networking/lib.a(ftpd.o)
 .text.cmdio_write_error
                0x0000000000029e1c       0x2c networking/lib.a(ftpd.o)
 .text.cmdio_write
                0x0000000000029e48       0x5c networking/lib.a(ftpd.o)
 .text.handle_cwd
                0x0000000000029ea4       0x34 networking/lib.a(ftpd.o)
 .text.port_pasv_cleanup
                0x0000000000029ed8       0x28 networking/lib.a(ftpd.o)
 .text.get_remote_transfer_fd
                0x0000000000029f00       0x50 networking/lib.a(ftpd.o)
 .text.bind_for_passive_mode
                0x0000000000029f50       0x58 networking/lib.a(ftpd.o)
 .text.cmdio_write_raw
                0x0000000000029fa8       0x28 networking/lib.a(ftpd.o)
 .text.timeout_handler
                0x0000000000029fd0       0x5c networking/lib.a(ftpd.o)
 .text.port_or_pasv_was_seen
                0x000000000002a02c       0x28 networking/lib.a(ftpd.o)
 .text.handle_upload_common
                0x000000000002a054      0x114 networking/lib.a(ftpd.o)
 .text.handle_dir_common
                0x000000000002a168      0x12c networking/lib.a(ftpd.o)
 .text.ftpd_main
                0x000000000002a294      0x774 networking/lib.a(ftpd.o)
                0x000000000002a294                ftpd_main
 .text.ftp_die  0x000000000002aa08       0x38 networking/lib.a(ftpgetput.o)
 .text.ftpcmd   0x000000000002aa40       0x80 networking/lib.a(ftpgetput.o)
 .text.xconnect_ftpdata
                0x000000000002aac0       0x54 networking/lib.a(ftpgetput.o)
 .text.pump_data_and_QUIT
                0x000000000002ab14       0x48 networking/lib.a(ftpgetput.o)
 .text.ftp_receive
                0x000000000002ab5c       0xec networking/lib.a(ftpgetput.o)
 .text.ftp_send
                0x000000000002ac48       0x48 networking/lib.a(ftpgetput.o)
 .text.ftpgetput_main
                0x000000000002ac90      0x128 networking/lib.a(ftpgetput.o)
                0x000000000002ac90                ftpgetput_main
 .text.do_sethostname
                0x000000000002adb8       0x58 networking/lib.a(hostname.o)
 .text.hostname_main
                0x000000000002ae10       0xe4 networking/lib.a(hostname.o)
                0x000000000002ae10                hostname_main
 .text.checkPermIP
                0x000000000002aef4       0x34 networking/lib.a(httpd.o)
 .text.parse_conf
                0x000000000002af28      0x3d8 networking/lib.a(httpd.o)
 .text.sighup_handler
                0x000000000002b300        0xc networking/lib.a(httpd.o)
 .text.get_line
                0x000000000002b30c       0x78 networking/lib.a(httpd.o)
 .text.check_user_passwd
                0x000000000002b384      0x144 networking/lib.a(httpd.o)
 .text.log_and_exit
                0x000000000002b4c8       0x30 networking/lib.a(httpd.o)
 .text.cgi_io_loop_and_exit
                0x000000000002b4f8      0x1a0 networking/lib.a(httpd.o)
 .text.setenv1  0x000000000002b698       0x14 networking/lib.a(httpd.o)
 .text.send_file_and_exit
                0x000000000002b6ac      0x268 networking/lib.a(httpd.o)
 .text.send_headers
                0x000000000002b914      0x268 networking/lib.a(httpd.o)
 .text.send_headers_and_exit
                0x000000000002bb7c       0x18 networking/lib.a(httpd.o)
 .text.send_cgi_and_exit
                0x000000000002bb94      0x2d0 networking/lib.a(httpd.o)
 .text.handle_incoming_and_exit
                0x000000000002be64      0x76c networking/lib.a(httpd.o)
 .text.httpd_main
                0x000000000002c5d0      0x23c networking/lib.a(httpd.o)
                0x000000000002c5d0                httpd_main
 .text.ifconfig_main
                0x000000000002c80c      0x324 networking/lib.a(ifconfig.o)
                0x000000000002c80c                ifconfig_main
 .text.set_if_down
                0x000000000002cb30       0x30 networking/lib.a(ifenslave.o)
 .text.get_drv_info
                0x000000000002cb60       0x80 networking/lib.a(ifenslave.o)
 .text.enslave  0x000000000002cbe0      0x1fc networking/lib.a(ifenslave.o)
 .text.ifenslave_main
                0x000000000002cddc      0x208 networking/lib.a(ifenslave.o)
                0x000000000002cddc                ifenslave_main
 .text.set_ifreq_to_ifname
                0x000000000002cfe4       0x1c networking/lib.a(ifplugd.o)
 .text.network_ioctl
                0x000000000002d000       0x24 networking/lib.a(ifplugd.o)
 .text.detect_link_iff
                0x000000000002d024       0x44 networking/lib.a(ifplugd.o)
 .text.detect_link_wlan
                0x000000000002d068       0x70 networking/lib.a(ifplugd.o)
 .text.detect_link_priv
                0x000000000002d0d8       0x4c networking/lib.a(ifplugd.o)
 .text.detect_link_mii
                0x000000000002d124       0x4c networking/lib.a(ifplugd.o)
 .text.detect_link_ethtool
                0x000000000002d170       0x3c networking/lib.a(ifplugd.o)
 .text.check_existence_through_netlink
                0x000000000002d1ac      0x100 networking/lib.a(ifplugd.o)
 .text.up_iface
                0x000000000002d2ac       0x78 networking/lib.a(ifplugd.o)
 .text.maybe_up_new_iface
                0x000000000002d324       0x28 networking/lib.a(ifplugd.o)
 .text.detect_link
                0x000000000002d34c       0xd0 networking/lib.a(ifplugd.o)
 .text.run_script
                0x000000000002d41c       0xbc networking/lib.a(ifplugd.o)
 .text.ifplugd_main
                0x000000000002d4d8      0x3a0 networking/lib.a(ifplugd.o)
                0x000000000002d4d8                ifplugd_main
 .text.doit     0x000000000002d878       0x70 networking/lib.a(ifupdown.o)
 .text.execute_all
                0x000000000002d8e8       0x44 networking/lib.a(ifupdown.o)
 .text.set_environ
                0x000000000002d92c       0xec networking/lib.a(ifupdown.o)
 .text.iface_down
                0x000000000002da18       0x6c networking/lib.a(ifupdown.o)
 .text.iface_up
                0x000000000002da84       0x6c networking/lib.a(ifupdown.o)
 .text.next_word
                0x000000000002daf0       0x38 networking/lib.a(ifupdown.o)
 .text.get_var  0x000000000002db28       0x5c networking/lib.a(ifupdown.o)
 .text.execute  0x000000000002db84      0x1a4 networking/lib.a(ifupdown.o)
 .text.loopback_down6
                0x000000000002dd28       0x10 networking/lib.a(ifupdown.o)
 .text.loopback_up6
                0x000000000002dd38       0x30 networking/lib.a(ifupdown.o)
 .text.static_up6
                0x000000000002dd68       0x40 networking/lib.a(ifupdown.o)
 .text.v4tunnel_down
                0x000000000002dda8       0x10 networking/lib.a(ifupdown.o)
 .text.v4tunnel_up
                0x000000000002ddb8       0x50 networking/lib.a(ifupdown.o)
 .text.loopback_down
                0x000000000002de08       0x30 networking/lib.a(ifupdown.o)
 .text.loopback_up
                0x000000000002de38       0x30 networking/lib.a(ifupdown.o)
 .text.dhcp_up  0x000000000002de68       0x2c networking/lib.a(ifupdown.o)
 .text.bootp_up
                0x000000000002de94       0x10 networking/lib.a(ifupdown.o)
 .text.static_up
                0x000000000002dea4       0x40 networking/lib.a(ifupdown.o)
 .text.ppp_down
                0x000000000002dee4       0x10 networking/lib.a(ifupdown.o)
 .text.ppp_up   0x000000000002def4       0x10 networking/lib.a(ifupdown.o)
 .text.wvdial_down
                0x000000000002df04       0x10 networking/lib.a(ifupdown.o)
 .text.wvdial_up
                0x000000000002df14       0x10 networking/lib.a(ifupdown.o)
 .text.static_down6
                0x000000000002df24       0x24 networking/lib.a(ifupdown.o)
 .text.static_down
                0x000000000002df48       0x3c networking/lib.a(ifupdown.o)
 .text.dhcp_down
                0x000000000002df84       0x34 networking/lib.a(ifupdown.o)
 .text.popen2   0x000000000002dfb8       0x7c networking/lib.a(ifupdown.o)
 .text.read_iface_state
                0x000000000002e034       0x44 networking/lib.a(ifupdown.o)
 .text.read_interfaces
                0x000000000002e078      0x36c networking/lib.a(ifupdown.o)
 .text.ifupdown_main
                0x000000000002e3e4      0x394 networking/lib.a(ifupdown.o)
                0x000000000002e3e4                ifupdown_main
 .text.remove_fd_from_set
                0x000000000002e778       0x3c networking/lib.a(inetd.o)
 .text.init_ring
                0x000000000002e7b4       0x20 networking/lib.a(inetd.o)
 .text.discard_dg
                0x000000000002e7d4       0x10 networking/lib.a(inetd.o)
 .text.bump_nofile
                0x000000000002e7e4       0x8c networking/lib.a(inetd.o)
 .text.add_fd_to_set
                0x000000000002e870       0x54 networking/lib.a(inetd.o)
 .text.clean_up_and_exit
                0x000000000002e8c4       0x40 networking/lib.a(inetd.o)
 .text.reap_child
                0x000000000002e904       0x78 networking/lib.a(inetd.o)
 .text.daytime_dg
                0x000000000002e97c       0x78 networking/lib.a(inetd.o)
 .text.daytime_stream
                0x000000000002e9f4       0x24 networking/lib.a(inetd.o)
 .text.machtime_dg
                0x000000000002ea18       0x68 networking/lib.a(inetd.o)
 .text.discard_stream
                0x000000000002ea80       0x1c networking/lib.a(inetd.o)
 .text.echo_stream
                0x000000000002ea9c       0x28 networking/lib.a(inetd.o)
 .text.rearm_alarm
                0x000000000002eac4       0x24 networking/lib.a(inetd.o)
 .text.prepare_socket_fd
                0x000000000002eae8       0x84 networking/lib.a(inetd.o)
 .text.retry_network_setup
                0x000000000002eb6c       0x3c networking/lib.a(inetd.o)
 .text.chargen_dg
                0x000000000002eba8       0xb8 networking/lib.a(inetd.o)
 .text.chargen_stream
                0x000000000002ec60       0x68 networking/lib.a(inetd.o)
 .text.machtime_stream
                0x000000000002ecc8       0x28 networking/lib.a(inetd.o)
 .text.parse_one_line
                0x000000000002ecf0      0x304 networking/lib.a(inetd.o)
 .text.reread_config_file
                0x000000000002eff4      0x288 networking/lib.a(inetd.o)
 .text.inetd_main
                0x000000000002f27c      0x5d4 networking/lib.a(inetd.o)
                0x000000000002f27c                inetd_main
 .text.UNSPEC_print
                0x000000000002f850       0x40 networking/lib.a(interface.o)
 .text.UNSPEC_sprint
                0x000000000002f890       0x1c networking/lib.a(interface.o)
 .text.INET6_sprint
                0x000000000002f8ac       0x24 networking/lib.a(interface.o)
 .text.INET_sprint
                0x000000000002f8d0       0x28 networking/lib.a(interface.o)
 .text.ether_print
                0x000000000002f8f8       0x28 networking/lib.a(interface.o)
 .text.if_readlist_proc
                0x000000000002f920      0x178 networking/lib.a(interface.o)
 .text.print_bytes_scaled
                0x000000000002fa98       0x68 networking/lib.a(interface.o)
 .text.get_aftype
                0x000000000002fb00       0x20 networking/lib.a(interface.o)
                0x000000000002fb00                get_aftype
 .text.get_hwtype
                0x000000000002fb20       0x20 networking/lib.a(interface.o)
                0x000000000002fb20                get_hwtype
 .text.get_hwntype
                0x000000000002fb40       0x18 networking/lib.a(interface.o)
                0x000000000002fb40                get_hwntype
 .text.do_if_print
                0x000000000002fb58      0x5f4 networking/lib.a(interface.o)
 .text.display_interfaces
                0x000000000003014c       0xb4 networking/lib.a(interface.o)
                0x000000000003014c                display_interfaces
 .text.ipaddr_main
                0x0000000000030200        0xc networking/lib.a(ip.o)
                0x0000000000030200                ipaddr_main
 .text.iplink_main
                0x000000000003020c        0xc networking/lib.a(ip.o)
                0x000000000003020c                iplink_main
 .text.iproute_main
                0x0000000000030218        0xc networking/lib.a(ip.o)
                0x0000000000030218                iproute_main
 .text.iprule_main
                0x0000000000030224        0xc networking/lib.a(ip.o)
                0x0000000000030224                iprule_main
 .text.iptunnel_main
                0x0000000000030230        0xc networking/lib.a(ip.o)
                0x0000000000030230                iptunnel_main
 .text.ipneigh_main
                0x000000000003023c        0xc networking/lib.a(ip.o)
                0x000000000003023c                ipneigh_main
 .text.ip_main  0x0000000000030248       0x34 networking/lib.a(ip.o)
                0x0000000000030248                ip_main
 .text.ipcalc_main
                0x000000000003027c      0x1a0 networking/lib.a(ipcalc.o)
                0x000000000003027c                ipcalc_main
 .text.do_rd    0x000000000003041c       0x80 networking/lib.a(isrv_identd.o)
 .text.fakeidentd_main
                0x000000000003049c       0xd8 networking/lib.a(isrv_identd.o)
                0x000000000003049c                fakeidentd_main
 .text.prepend_new_eth_table
                0x0000000000030574      0x100 networking/lib.a(nameif.o)
 .text.nameif_main
                0x0000000000030674      0x1d4 networking/lib.a(nameif.o)
                0x0000000000030674                nameif_main
 .text.nbdclient_main
                0x0000000000030848      0x174 networking/lib.a(nbd-client.o)
                0x0000000000030848                nbdclient_main
 .text.catch    0x00000000000309bc       0x44 networking/lib.a(nc.o)
 .text.arm      0x0000000000030a00       0x1c networking/lib.a(nc.o)
 .text.tmtravel
                0x0000000000030a1c       0x18 networking/lib.a(nc.o)
 .text.connect_w_timeout
                0x0000000000030a34       0x4c networking/lib.a(nc.o)
 .text.doexec   0x0000000000030a80       0x28 networking/lib.a(nc.o)
 .text.dolisten
                0x0000000000030aa8      0x29c networking/lib.a(nc.o)
 .text.oprint   0x0000000000030d44       0xe8 networking/lib.a(nc.o)
 .text.readwrite
                0x0000000000030e2c      0x220 networking/lib.a(nc.o)
 .text.nc_main  0x000000000003104c      0x348 networking/lib.a(nc.o)
                0x000000000003104c                nc_main
 .text.unix_do_one
                0x0000000000031394      0x1b8 networking/lib.a(netstat.o)
 .text.build_ipv6_addr
                0x000000000003154c       0x3c networking/lib.a(netstat.o)
 .text.ip_port_str
                0x0000000000031588       0x60 networking/lib.a(netstat.o)
 .text.dir_act  0x00000000000315e8       0x8c networking/lib.a(netstat.o)
 .text.add_to_prg_cache_if_socket
                0x0000000000031674       0xb0 networking/lib.a(netstat.o)
 .text.do_info  0x0000000000031724       0x58 networking/lib.a(netstat.o)
 .text.scan_inet_proc_line
                0x000000000003177c       0x8c networking/lib.a(netstat.o)
 .text.print_inet_line
                0x0000000000031808       0xc4 networking/lib.a(netstat.o)
 .text.raw_do_one
                0x00000000000318cc       0x60 networking/lib.a(netstat.o)
 .text.udp_do_one
                0x000000000003192c       0x80 networking/lib.a(netstat.o)
 .text.tcp_do_one
                0x00000000000319ac       0x40 networking/lib.a(netstat.o)
 .text.netstat_main
                0x00000000000319ec      0x1e4 networking/lib.a(netstat.o)
                0x00000000000319ec                netstat_main
 .text.add_query
                0x0000000000031bd0       0x54 networking/lib.a(nslookup.o)
 .text.add_ns   0x0000000000031c24       0x30 networking/lib.a(nslookup.o)
 .text.send_queries
                0x0000000000031c54      0x494 networking/lib.a(nslookup.o)
 .text.nslookup_main
                0x00000000000320e8      0x2f0 networking/lib.a(nslookup.o)
                0x00000000000320e8                nslookup_main
 .text.my_SQRT  0x00000000000323d8       0x38 networking/lib.a(ntpd.o)
 .text.reset_peer_stats
                0x0000000000032410       0x90 networking/lib.a(ntpd.o)
 .text.clamp_pollexp_and_set_MAXSTRAT
                0x00000000000324a0       0x30 networking/lib.a(ntpd.o)
 .text.adjust_poll
                0x00000000000324d0       0x78 networking/lib.a(ntpd.o)
 .text.poll_interval
                0x0000000000032548       0x2c networking/lib.a(ntpd.o)
 .text.resolve_peer_hostname
                0x0000000000032574       0x68 networking/lib.a(ntpd.o)
 .text.add_peers
                0x00000000000325dc       0x9c networking/lib.a(ntpd.o)
 .text.run_script
                0x0000000000032678       0xe0 networking/lib.a(ntpd.o)
 .text.set_next.isra.0
                0x0000000000032758       0x20 networking/lib.a(ntpd.o)
 .text.unpack_tail
                0x0000000000032778       0xd0 networking/lib.a(ping.o)
 .text.print_stats_and_exit
                0x0000000000032848       0xbc networking/lib.a(ping.o)
 .text.sendping_tail.constprop.1
                0x0000000000032904       0xa4 networking/lib.a(ping.o)
 .text.sendping4
                0x00000000000329a8       0x4c networking/lib.a(ping.o)
 .text.sendping6
                0x00000000000329f4       0x3c networking/lib.a(ping.o)
 .text.common_ping_main
                0x0000000000032a30      0x530 networking/lib.a(ping.o)
 .text.pscan_main